Archive member included because of file (symbol)

/home/hernan/repo_github/CAN_LPC1769/LPC-CAN/lpc_board_nxp_lpcxpresso_1769/Debug/liblpc_board_nxp_lpcxpresso_1769.a(board.o)
                              ./can_sniffer/src/can.o (Board_UARTGetChar)
/home/hernan/repo_github/CAN_LPC1769/LPC-CAN/lpc_board_nxp_lpcxpresso_1769/Debug/liblpc_board_nxp_lpcxpresso_1769.a(board_sysinit.o)
                              ./can_sniffer/src/sysinit.o (Board_SystemInit)
/home/hernan/repo_github/CAN_LPC1769/LPC-CAN/lpc_chip_175x_6x/Debug/liblpc_chip_175x_6x.a(can_17xx_40xx.o)
                              ./can_sniffer/src/can.o (Chip_CAN_Init)
/home/hernan/repo_github/CAN_LPC1769/LPC-CAN/lpc_chip_175x_6x/Debug/liblpc_chip_175x_6x.a(chip_17xx_40xx.o)
                              ./can_sniffer/src/can.o (SystemCoreClockUpdate)
/home/hernan/repo_github/CAN_LPC1769/LPC-CAN/lpc_chip_175x_6x/Debug/liblpc_chip_175x_6x.a(clock_17xx_40xx.o)
                              /home/hernan/repo_github/CAN_LPC1769/LPC-CAN/lpc_chip_175x_6x/Debug/liblpc_chip_175x_6x.a(chip_17xx_40xx.o) (Chip_Clock_EnablePLL)
/home/hernan/repo_github/CAN_LPC1769/LPC-CAN/lpc_chip_175x_6x/Debug/liblpc_chip_175x_6x.a(i2s_17xx_40xx.o)
                              /home/hernan/repo_github/CAN_LPC1769/LPC-CAN/lpc_board_nxp_lpcxpresso_1769/Debug/liblpc_board_nxp_lpcxpresso_1769.a(board.o) (Chip_I2S_Init)
/home/hernan/repo_github/CAN_LPC1769/LPC-CAN/lpc_chip_175x_6x/Debug/liblpc_chip_175x_6x.a(iocon_17xx_40xx.o)
                              /home/hernan/repo_github/CAN_LPC1769/LPC-CAN/lpc_board_nxp_lpcxpresso_1769/Debug/liblpc_board_nxp_lpcxpresso_1769.a(board.o) (Chip_IOCON_PinMux)
/home/hernan/repo_github/CAN_LPC1769/LPC-CAN/lpc_chip_175x_6x/Debug/liblpc_chip_175x_6x.a(sysinit_17xx_40xx.o)
                              /home/hernan/repo_github/CAN_LPC1769/LPC-CAN/lpc_board_nxp_lpcxpresso_1769/Debug/liblpc_board_nxp_lpcxpresso_1769.a(board_sysinit.o) (Chip_SetupXtalClocking)
/home/hernan/repo_github/CAN_LPC1769/LPC-CAN/lpc_chip_175x_6x/Debug/liblpc_chip_175x_6x.a(uart_17xx_40xx.o)
                              /home/hernan/repo_github/CAN_LPC1769/LPC-CAN/lpc_board_nxp_lpcxpresso_1769/Debug/liblpc_board_nxp_lpcxpresso_1769.a(board.o) (Chip_UART_TXEnable)
/home/hernan/repo_github/CAN_LPC1769/LPC-CAN/lpc_chip_175x_6x/Debug/liblpc_chip_175x_6x.a(ring_buffer.o)
                              /home/hernan/repo_github/CAN_LPC1769/LPC-CAN/lpc_chip_175x_6x/Debug/liblpc_chip_175x_6x.a(uart_17xx_40xx.o) (RingBuffer_Insert)
/usr/local/lpcxpresso_7.3.0_186/lpcxpresso/tools/bin/../lib/gcc/arm-none-eabi/4.8.4/../../../../arm-none-eabi/lib/armv7-m/libcr_nohost.a(_cr__main.o)
                              ./can_sniffer/src/cr_startup_lpc175x_6x.o (__main)
/usr/local/lpcxpresso_7.3.0_186/lpcxpresso/tools/bin/../lib/gcc/arm-none-eabi/4.8.4/../../../../arm-none-eabi/lib/armv7-m/libcr_c.a(memcpy.o)
                              /home/hernan/repo_github/CAN_LPC1769/LPC-CAN/lpc_board_nxp_lpcxpresso_1769/Debug/liblpc_board_nxp_lpcxpresso_1769.a(board.o) (memcpy)
/usr/local/lpcxpresso_7.3.0_186/lpcxpresso/tools/bin/../lib/gcc/arm-none-eabi/4.8.4/../../../../arm-none-eabi/lib/armv7-m/libcr_c.a(fpprintf.o)
                              ./can_sniffer/src/can.o (printf)
/usr/local/lpcxpresso_7.3.0_186/lpcxpresso/tools/bin/../lib/gcc/arm-none-eabi/4.8.4/../../../../arm-none-eabi/lib/armv7-m/libcr_c.a(initio.o)
                              /usr/local/lpcxpresso_7.3.0_186/lpcxpresso/tools/bin/../lib/gcc/arm-none-eabi/4.8.4/../../../../arm-none-eabi/lib/armv7-m/libcr_nohost.a(_cr__main.o) (_initio)
/usr/local/lpcxpresso_7.3.0_186/lpcxpresso/tools/bin/../lib/gcc/arm-none-eabi/4.8.4/../../../../arm-none-eabi/lib/armv7-m/libcr_c.a(printf.o)
                              /usr/local/lpcxpresso_7.3.0_186/lpcxpresso/tools/bin/../lib/gcc/arm-none-eabi/4.8.4/../../../../arm-none-eabi/lib/armv7-m/libcr_c.a(fpprintf.o) (__vfprintf)
/usr/local/lpcxpresso_7.3.0_186/lpcxpresso/tools/bin/../lib/gcc/arm-none-eabi/4.8.4/../../../../arm-none-eabi/lib/armv7-m/libcr_c.a(setvbuf.o)
                              /usr/local/lpcxpresso_7.3.0_186/lpcxpresso/tools/bin/../lib/gcc/arm-none-eabi/4.8.4/../../../../arm-none-eabi/lib/armv7-m/libcr_c.a(initio.o) (setvbuf)
/usr/local/lpcxpresso_7.3.0_186/lpcxpresso/tools/bin/../lib/gcc/arm-none-eabi/4.8.4/../../../../arm-none-eabi/lib/armv7-m/libcr_c.a(stdio.o)
                              /usr/local/lpcxpresso_7.3.0_186/lpcxpresso/tools/bin/../lib/gcc/arm-none-eabi/4.8.4/../../../../arm-none-eabi/lib/armv7-m/libcr_c.a(fpprintf.o) (__Ciob)
/usr/local/lpcxpresso_7.3.0_186/lpcxpresso/tools/bin/../lib/gcc/arm-none-eabi/4.8.4/../../../../arm-none-eabi/lib/armv7-m/libcr_c.a(strlen.o)
                              /usr/local/lpcxpresso_7.3.0_186/lpcxpresso/tools/bin/../lib/gcc/arm-none-eabi/4.8.4/../../../../arm-none-eabi/lib/armv7-m/libcr_c.a(printf.o) (strlen)
[...]
Memory Configuration

Name             Origin             Length             Attributes
MFlash512        0x00000000         0x00080000         xr
RamLoc32         0x10000000         0x00008000         xrw
RamAHB32         0x2007c000         0x00008000         xrw
*default*        0x00000000         0xffffffff

Linker script and memory map

LOAD ./can_sniffer/src/can.o
LOAD ./can_sniffer/src/cr_startup_lpc175x_6x.o
LOAD ./can_sniffer/src/sysinit.o
LOAD /home/hernan/repo_github/CAN_LPC1769/LPC-CAN/lpc_board_nxp_lpcxpresso_1769/Debug/liblpc_board_nxp_lpcxpresso_1769.a
LOAD /home/hernan/repo_github/CAN_LPC1769/LPC-CAN/lpc_chip_175x_6x/Debug/liblpc_chip_175x_6x.a
START GROUP
LOAD /usr/local/lpcxpresso_7.3.0_186/lpcxpresso/tools/bin/../lib/gcc/arm-none-eabi/4.8.4/../../../../arm-none-eabi/lib/armv7-m/libcr_nohost.a
LOAD /usr/local/lpcxpresso_7.3.0_186/lpcxpresso/tools/bin/../lib/gcc/arm-none-eabi/4.8.4/../../../../arm-none-eabi/lib/armv7-m/libcr_c.a
LOAD /usr/local/lpcxpresso_7.3.0_186/lpcxpresso/tools/bin/../lib/gcc/arm-none-eabi/4.8.4/armv7-m/libcr_eabihelpers.a
END GROUP
                0x00080000                __top_MFlash512 = 0x80000
                0x10008000                __top_RamLoc32 = 0x10008000
                0x20084000                __top_RamAHB32 = 0x20084000

.text           0x00000000     0x3740
 FILL mask 0xff
                0x00000000                __vectors_start__ = ABSOLUTE (.)
 *(.isr_vector)
 .isr_vector    0x00000000       0xcc ./can_sniffer/src/cr_startup_lpc175x_6x.o
                0x00000000                g_pfnVectors
                0x000000cc                . = ALIGN (0x4)
                0x000000cc                __section_table_start = .
                0x000000cc                __data_section_table = .
                0x000000cc        0x4 LONG 0x3740 LOADADDR (.data)
                0x000000d0        0x4 LONG 0x10000000 ADDR (.data)
                0x000000d4        0x4 LONG 0x0 SIZEOF (.data)
                0x000000d8        0x4 LONG 0x3740 LOADADDR (.data_RAM2)
                0x000000dc        0x4 LONG 0x2007c000 ADDR (.data_RAM2)
                0x000000e0        0x4 LONG 0x0 SIZEOF (.data_RAM2)
                0x000000e4                __data_section_table_end = .
                0x000000e4                __bss_section_table = .
                0x000000e4        0x4 LONG 0x10000000 ADDR (.bss)
                0x000000e8        0x4 LONG 0x158 SIZEOF (.bss)
                0x000000ec        0x4 LONG 0x2007c000 ADDR (.bss_RAM2)
                0x000000f0        0x4 LONG 0x0 SIZEOF (.bss_RAM2)
                0x000000f4                __bss_section_table_end = .
                0x000000f4                __section_table_end = .
 *(.after_vectors*)
 .after_vectors
                0x000000f4       0xa4 ./can_sniffer/src/cr_startup_lpc175x_6x.o
                0x000000f4                NMI_Handler
                0x000000f8                HardFault_Handler
                0x000000fc                MemManage_Handler
                0x00000100                BusFault_Handler
                0x00000104                UsageFault_Handler
                0x00000108                SVC_Handler
                0x0000010c                DebugMon_Handler
                0x00000110                PendSV_Handler
                0x00000114                SysTick_Handler
                0x00000118                TIMER2_IRQHandler
                0x00000118                RIT_IRQHandler
                0x00000118                I2C0_IRQHandler
                0x00000118                USBActivity_IRQHandler
                0x00000118                PWM1_IRQHandler
                0x00000118                I2C1_IRQHandler
                0x00000118                EINT2_IRQHandler
                0x00000118                UART1_IRQHandler
                0x00000118                EINT3_IRQHandler
                0x00000118                CANActivity_IRQHandler
                0x00000118                TIMER3_IRQHandler
                0x00000118                UART0_IRQHandler
                0x00000118                IntDefaultHandler
                0x00000118                PLL0_IRQHandler
                0x00000118                PLL1_IRQHandler
                0x00000118                SSP0_IRQHandler
                0x00000118                I2S_IRQHandler
                0x00000118                I2C2_IRQHandler
                0x00000118                RTC_IRQHandler
                0x00000118                TIMER0_IRQHandler
                0x00000118                SPI_IRQHandler
                0x00000118                EINT1_IRQHandler
                0x00000118                TIMER1_IRQHandler
                0x00000118                UART2_IRQHandler
                0x00000118                ADC_IRQHandler
                0x00000118                SSP1_IRQHandler
                0x00000118                USB_IRQHandler
                0x00000118                BOD_IRQHandler
                0x00000118                WDT_IRQHandler
                0x00000118                QEI_IRQHandler
                0x00000118                EINT0_IRQHandler
                0x00000118                ETH_IRQHandler
                0x00000118                DMA_IRQHandler
                0x00000118                UART3_IRQHandler
                0x00000118                MCPWM_IRQHandler
                0x0000011c                data_init
                0x00000138                bss_init
                0x0000014c                ResetISR
 *(.text*)
 .text.PrintCANErrorInfo
                0x00000198       0x90 ./can_sniffer/src/can.o
 .text.PrintCANMsg
                0x00000228       0x74 ./can_sniffer/src/can.o
 .text.CAN_IRQHandler
                0x0000029c       0x2c ./can_sniffer/src/can.o
                0x0000029c                CAN_IRQHandler
 .text.main     0x000002c8      0x13c ./can_sniffer/src/can.o
                0x000002c8                main
 .text.SystemInit
                0x00000404       0x18 ./can_sniffer/src/sysinit.o
                0x00000404                SystemInit
 .text.Board_LED_Init
                0x0000041c       0x10 /home/hernan/repo_github/CAN_LPC1769/LPC-CAN/lpc_board_nxp_lpcxpresso_1769/Debug/liblpc_board_nxp_lpcxpresso_1769.a(board.o)
 .text.Board_Debug_Init
                0x0000042c       0x24 /home/hernan/repo_github/CAN_LPC1769/LPC-CAN/lpc_board_nxp_lpcxpresso_1769/Debug/liblpc_board_nxp_lpcxpresso_1769.a(board.o)
                0x0000042c                Board_Debug_Init
 .text.Board_UARTPutChar
                0x00000450       0x14 /home/hernan/repo_github/CAN_LPC1769/LPC-CAN/lpc_board_nxp_lpcxpresso_1769/Debug/liblpc_board_nxp_lpcxpresso_1769.a(board.o)
                0x00000450                Board_UARTPutChar
 .text.__sys_write
                0x00000464       0x1c /home/hernan/repo_github/CAN_LPC1769/LPC-CAN/lpc_board_nxp_lpcxpresso_1769/Debug/liblpc_board_nxp_lpcxpresso_1769.a(board.o)
                0x00000464                __sys_write
 .text.Board_UARTGetChar
                0x00000480       0x1c /home/hernan/repo_github/CAN_LPC1769/LPC-CAN/lpc_board_nxp_lpcxpresso_1769/Debug/liblpc_board_nxp_lpcxpresso_1769.a(board.o)
                0x00000480                Board_UARTGetChar
 .text.Board_LED_Set
                0x0000049c       0x20 /home/hernan/repo_github/CAN_LPC1769/LPC-CAN/lpc_board_nxp_lpcxpresso_1769/Debug/liblpc_board_nxp_lpcxpresso_1769.a(board.o)
                0x0000049c                Board_LED_Set
 .text.Board_LED_Test
                0x000004bc       0x18 /home/hernan/repo_github/CAN_LPC1769/LPC-CAN/lpc_board_nxp_lpcxpresso_1769/Debug/liblpc_board_nxp_lpcxpresso_1769.a(board.o)
                0x000004bc                Board_LED_Test
 .text.Board_LED_Toggle
                0x000004d4       0x18 /home/hernan/repo_github/CAN_LPC1769/LPC-CAN/lpc_board_nxp_lpcxpresso_1769/Debug/liblpc_board_nxp_lpcxpresso_1769.a(board.o)
                0x000004d4                Board_LED_Toggle
 .text.Board_Init
                0x000004ec       0x18 /home/hernan/repo_github/CAN_LPC1769/LPC-CAN/lpc_board_nxp_lpcxpresso_1769/Debug/liblpc_board_nxp_lpcxpresso_1769.a(board.o)
                0x000004ec                Board_Init
 .text.Board_SetupMuxing
                0x00000504       0x18 /home/hernan/repo_github/CAN_LPC1769/LPC-CAN/lpc_board_nxp_lpcxpresso_1769/Debug/liblpc_board_nxp_lpcxpresso_1769.a(board_sysinit.o)
                0x00000504                Board_SetupMuxing
 .text.Board_SetupClocking
                0x0000051c       0x1c /home/hernan/repo_github/CAN_LPC1769/LPC-CAN/lpc_board_nxp_lpcxpresso_1769/Debug/liblpc_board_nxp_lpcxpresso_1769.a(board_sysinit.o)
                0x0000051c                Board_SetupClocking
 .text.Board_SystemInit
                0x00000538        0xc /home/hernan/repo_github/CAN_LPC1769/LPC-CAN/lpc_board_nxp_lpcxpresso_1769/Debug/liblpc_board_nxp_lpcxpresso_1769.a(board_sysinit.o)
                0x00000538                Board_SystemInit
 .text.Chip_CAN_GetClockIndex
                0x00000544       0x14 /home/hernan/repo_github/CAN_LPC1769/LPC-CAN/lpc_chip_175x_6x/Debug/liblpc_chip_175x_6x.a(can_17xx_40xx.o)
 .text.Chip_CAN_GetClkIndex
                0x00000558       0x14 /home/hernan/repo_github/CAN_LPC1769/LPC-CAN/lpc_chip_175x_6x/Debug/liblpc_chip_175x_6x.a(can_17xx_40xx.o)
 .text.clearAFLUT
                0x0000056c       0x30 /home/hernan/repo_github/CAN_LPC1769/LPC-CAN/lpc_chip_175x_6x/Debug/liblpc_chip_175x_6x.a(can_17xx_40xx.o)
                0x0000056c                clearAFLUT
 .text.Chip_CAN_Init
                0x0000059c       0x38 /home/hernan/repo_github/CAN_LPC1769/LPC-CAN/lpc_chip_175x_6x/Debug/liblpc_chip_175x_6x.a(can_17xx_40xx.o)
                0x0000059c                Chip_CAN_Init
 .text.Chip_CAN_SetMode
                0x000005d4       0x48 /home/hernan/repo_github/CAN_LPC1769/LPC-CAN/lpc_chip_175x_6x/Debug/liblpc_chip_175x_6x.a(can_17xx_40xx.o)
                0x000005d4                Chip_CAN_SetMode
 .text.setBusTiming
                0x0000061c       0x4c /home/hernan/repo_github/CAN_LPC1769/LPC-CAN/lpc_chip_175x_6x/Debug/liblpc_chip_175x_6x.a(can_17xx_40xx.o)
 .text.Chip_CAN_SetBitRate
                0x00000668       0x80 /home/hernan/repo_github/CAN_LPC1769/LPC-CAN/lpc_chip_175x_6x/Debug/liblpc_chip_175x_6x.a(can_17xx_40xx.o)
                0x00000668                Chip_CAN_SetBitRate
 .text.Chip_CAN_Receive
                0x000006e8       0xac /home/hernan/repo_github/CAN_LPC1769/LPC-CAN/lpc_chip_175x_6x/Debug/liblpc_chip_175x_6x.a(can_17xx_40xx.o)
                0x000006e8                Chip_CAN_Receive
 .text.SystemCoreClockUpdate
                0x00000794       0x10 /home/hernan/repo_github/CAN_LPC1769/LPC-CAN/lpc_chip_175x_6x/Debug/liblpc_chip_175x_6x.a(chip_17xx_40xx.o)
                0x00000794                SystemCoreClockUpdate
 .text.Chip_Clock_EnablePLL
                0x000007a4       0x28 /home/hernan/repo_github/CAN_LPC1769/LPC-CAN/lpc_chip_175x_6x/Debug/liblpc_chip_175x_6x.a(clock_17xx_40xx.o)
                0x000007a4                Chip_Clock_EnablePLL
 .text.Chip_Clock_DisablePLL
                0x000007cc       0x2c /home/hernan/repo_github/CAN_LPC1769/LPC-CAN/lpc_chip_175x_6x/Debug/liblpc_chip_175x_6x.a(clock_17xx_40xx.o)
                0x000007cc                Chip_Clock_DisablePLL
 .text.Chip_Clock_SetupPLL
                0x000007f8       0x38 /home/hernan/repo_github/CAN_LPC1769/LPC-CAN/lpc_chip_175x_6x/Debug/liblpc_chip_175x_6x.a(clock_17xx_40xx.o)
                0x000007f8                Chip_Clock_SetupPLL
 .text.Chip_Clock_EnablePeriphClock
                0x00000830       0x18 /home/hernan/repo_github/CAN_LPC1769/LPC-CAN/lpc_chip_175x_6x/Debug/liblpc_chip_175x_6x.a(clock_17xx_40xx.o)
                0x00000830                Chip_Clock_EnablePeriphClock
 .text.Chip_Clock_GetCPUClockSource
                0x00000848       0x18 /home/hernan/repo_github/CAN_LPC1769/LPC-CAN/lpc_chip_175x_6x/Debug/liblpc_chip_175x_6x.a(clock_17xx_40xx.o)
                0x00000848                Chip_Clock_GetCPUClockSource
 .text.Chip_Clock_SetCPUClockDiv
                0x00000860        0xc /home/hernan/repo_github/CAN_LPC1769/LPC-CAN/lpc_chip_175x_6x/Debug/liblpc_chip_175x_6x.a(clock_17xx_40xx.o)
                0x00000860                Chip_Clock_SetCPUClockDiv
 .text.Chip_Clock_GetCPUClockDiv
                0x0000086c       0x10 /home/hernan/repo_github/CAN_LPC1769/LPC-CAN/lpc_chip_175x_6x/Debug/liblpc_chip_175x_6x.a(clock_17xx_40xx.o)
                0x0000086c                Chip_Clock_GetCPUClockDiv
 .text.Chip_Clock_GetPCLKDiv
                0x0000087c       0x3c /home/hernan/repo_github/CAN_LPC1769/LPC-CAN/lpc_chip_175x_6x/Debug/liblpc_chip_175x_6x.a(clock_17xx_40xx.o)
                0x0000087c                Chip_Clock_GetPCLKDiv
 .text.Chip_Clock_GetSYSCLKRate
                0x000008b8       0x3c /home/hernan/repo_github/CAN_LPC1769/LPC-CAN/lpc_chip_175x_6x/Debug/liblpc_chip_175x_6x.a(clock_17xx_40xx.o)
                0x000008b8                Chip_Clock_GetSYSCLKRate
 .text.Chip_Clock_GetMainPLLOutClockRate
                0x000008f4       0x3c /home/hernan/repo_github/CAN_LPC1769/LPC-CAN/lpc_chip_175x_6x/Debug/liblpc_chip_175x_6x.a(clock_17xx_40xx.o)
                0x000008f4                Chip_Clock_GetMainPLLOutClockRate
 .text.Chip_Clock_GetMainClockRate
                0x00000930       0x1c /home/hernan/repo_github/CAN_LPC1769/LPC-CAN/lpc_chip_175x_6x/Debug/liblpc_chip_175x_6x.a(clock_17xx_40xx.o)
                0x00000930                Chip_Clock_GetMainClockRate
 .text.Chip_Clock_GetSystemClockRate
                0x0000094c       0x14 /home/hernan/repo_github/CAN_LPC1769/LPC-CAN/lpc_chip_175x_6x/Debug/liblpc_chip_175x_6x.a(clock_17xx_40xx.o)
                0x0000094c                Chip_Clock_GetSystemClockRate
 .text.Chip_Clock_GetPeripheralClockRate
                0x00000960       0x18 /home/hernan/repo_github/CAN_LPC1769/LPC-CAN/lpc_chip_175x_6x/Debug/liblpc_chip_175x_6x.a(clock_17xx_40xx.o)
                0x00000960                Chip_Clock_GetPeripheralClockRate
 .text.Chip_IOCON_PinMux
                0x00000978       0x3c /home/hernan/repo_github/CAN_LPC1769/LPC-CAN/lpc_chip_175x_6x/Debug/liblpc_chip_175x_6x.a(iocon_17xx_40xx.o)
                0x00000978                Chip_IOCON_PinMux
 .text.Chip_IOCON_PinMuxSet
                0x000009b4       0x14 /home/hernan/repo_github/CAN_LPC1769/LPC-CAN/lpc_chip_175x_6x/Debug/liblpc_chip_175x_6x.a(iocon_17xx_40xx.o)
                0x000009b4                Chip_IOCON_PinMuxSet
 .text.Chip_IOCON_SetPinMuxing
                0x000009c8       0x30 /home/hernan/repo_github/CAN_LPC1769/LPC-CAN/lpc_chip_175x_6x/Debug/liblpc_chip_175x_6x.a(iocon_17xx_40xx.o)
                0x000009c8                Chip_IOCON_SetPinMuxing
 .text.Chip_SetupXtalClocking
                0x000009f8       0x90 /home/hernan/repo_github/CAN_LPC1769/LPC-CAN/lpc_chip_175x_6x/Debug/liblpc_chip_175x_6x.a(sysinit_17xx_40xx.o)
                0x000009f8                Chip_SetupXtalClocking
 .text.Chip_UART_GetClockIndex
                0x00000a88       0x2c /home/hernan/repo_github/CAN_LPC1769/LPC-CAN/lpc_chip_175x_6x/Debug/liblpc_chip_175x_6x.a(uart_17xx_40xx.o)
 .text.Chip_UART_GetClkIndex
                0x00000ab4       0x2c /home/hernan/repo_github/CAN_LPC1769/LPC-CAN/lpc_chip_175x_6x/Debug/liblpc_chip_175x_6x.a(uart_17xx_40xx.o)
 .text.Chip_UART_TXEnable
                0x00000ae0        0x8 /home/hernan/repo_github/CAN_LPC1769/LPC-CAN/lpc_chip_175x_6x/Debug/liblpc_chip_175x_6x.a(uart_17xx_40xx.o)
                0x00000ae0                Chip_UART_TXEnable
 .text.Chip_UART_TXDisable
                0x00000ae8        0x8 /home/hernan/repo_github/CAN_LPC1769/LPC-CAN/lpc_chip_175x_6x/Debug/liblpc_chip_175x_6x.a(uart_17xx_40xx.o)
                0x00000ae8                Chip_UART_TXDisable
 .text.Chip_UART_Init
                0x00000af0       0x40 /home/hernan/repo_github/CAN_LPC1769/LPC-CAN/lpc_chip_175x_6x/Debug/liblpc_chip_175x_6x.a(uart_17xx_40xx.o)
                0x00000af0                Chip_UART_Init
 .text.Chip_UART_SetBaud
                0x00000b30       0x34 /home/hernan/repo_github/CAN_LPC1769/LPC-CAN/lpc_chip_175x_6x/Debug/liblpc_chip_175x_6x.a(uart_17xx_40xx.o)
                0x00000b30                Chip_UART_SetBaud
 .text.__main   0x00000b64       0x14 /usr/local/lpcxpresso_7.3.0_186/lpcxpresso/tools/bin/../lib/gcc/arm-none-eabi/4.8.4/../../../../arm-none-eabi/lib/armv7-m/libcr_nohost.a(_cr__main.o)
                0x00000b64                __main
 .text.fp_round
                0x00000b78       0x4e /usr/local/lpcxpresso_7.3.0_186/lpcxpresso/tools/bin/../lib/gcc/arm-none-eabi/4.8.4/../../../../arm-none-eabi/lib/armv7-m/libcr_c.a(fpprintf.o)
 .text.pr_dec.constprop.1
                0x00000bc6       0x26 /usr/local/lpcxpresso_7.3.0_186/lpcxpresso/tools/bin/../lib/gcc/arm-none-eabi/4.8.4/../../../../arm-none-eabi/lib/armv7-m/libcr_c.a(fpprintf.o)
 .text.sprintf  0x00000bec       0x6c /usr/local/lpcxpresso_7.3.0_186/lpcxpresso/tools/bin/../lib/gcc/arm-none-eabi/4.8.4/../../../../arm-none-eabi/lib/armv7-m/libcr_c.a(fpprintf.o)
                0x00000bec                sprintf
 .text.fp_display
                0x00000c58      0x998 /usr/local/lpcxpresso_7.3.0_186/lpcxpresso/tools/bin/../lib/gcc/arm-none-eabi/4.8.4/../../../../arm-none-eabi/lib/armv7-m/libcr_c.a(fpprintf.o)
 .text.vsnprintf
                0x000015f0       0x5c /usr/local/lpcxpresso_7.3.0_186/lpcxpresso/tools/bin/../lib/gcc/arm-none-eabi/4.8.4/../../../../arm-none-eabi/lib/armv7-m/libcr_c.a(fpprintf.o)
                0x000015f0                vsnprintf
 .text.printf   0x0000164c       0x54 /usr/local/lpcxpresso_7.3.0_186/lpcxpresso/tools/bin/../lib/gcc/arm-none-eabi/4.8.4/../../../../arm-none-eabi/lib/armv7-m/libcr_c.a(fpprintf.o)
                0x0000164c                printf
 .text._initio  0x000016a0       0xa4 /usr/local/lpcxpresso_7.3.0_186/lpcxpresso/tools/bin/../lib/gcc/arm-none-eabi/4.8.4/../../../../arm-none-eabi/lib/armv7-m/libcr_c.a(initio.o)
                0x000016a0                _initio
 .text.__vfprintf
                0x00001744      0xca0 /usr/local/lpcxpresso_7.3.0_186/lpcxpresso/tools/bin/../lib/gcc/arm-none-eabi/4.8.4/../../../../arm-none-eabi/lib/armv7-m/libcr_c.a(printf.o)
                0x00001744                __vfprintf
 .text.setvbuf  0x000023e4       0x40 /usr/local/lpcxpresso_7.3.0_186/lpcxpresso/tools/bin/../lib/gcc/arm-none-eabi/4.8.4/../../../../arm-none-eabi/lib/armv7-m/libcr_c.a(setvbuf.o)
                0x000023e4                setvbuf
 .text.strlen   0x00002424       0x4a /usr/local/lpcxpresso_7.3.0_186/lpcxpresso/tools/bin/../lib/gcc/arm-none-eabi/4.8.4/../../../../arm-none-eabi/lib/armv7-m/libcr_c.a(strlen.o)
                0x00002424                strlen
 .text.memset   0x0000246e        0x4 /usr/local/lpcxpresso_7.3.0_186/lpcxpresso/tools/bin/../lib/gcc/arm-none-eabi/4.8.4/../../../../arm-none-eabi/lib/armv7-m/libcr_c.a(memset.o)
                0x0000246e                memset
 .text._deferredlazyseek
                0x00002472       0x44 /usr/local/lpcxpresso_7.3.0_186/lpcxpresso/tools/bin/../lib/gcc/arm-none-eabi/4.8.4/../../../../arm-none-eabi/lib/armv7-m/libcr_c.a(_deferredlazyseek.o)
                0x00002472                _deferredlazyseek
 .text.__flsbuf
                0x000024b6      0x142 /usr/local/lpcxpresso_7.3.0_186/lpcxpresso/tools/bin/../lib/gcc/arm-none-eabi/4.8.4/../../../../arm-none-eabi/lib/armv7-m/libcr_c.a(_deferredlazyseek.o)
                0x000024b6                __flsbuf
 .text._fdopen  0x000025f8       0x6a /usr/local/lpcxpresso_7.3.0_186/lpcxpresso/tools/bin/../lib/gcc/arm-none-eabi/4.8.4/../../../../arm-none-eabi/lib/armv7-m/libcr_c.a(_fdopen.o)
                0x000025f8                _fdopen
 .text._fflush  0x00002662       0x58 /usr/local/lpcxpresso_7.3.0_186/lpcxpresso/tools/bin/../lib/gcc/arm-none-eabi/4.8.4/../../../../arm-none-eabi/lib/armv7-m/libcr_c.a(_fflush.o)
                0x00002662                _fflush
 .text._frexpl  0x000026ba       0x5c /usr/local/lpcxpresso_7.3.0_186/lpcxpresso/tools/bin/../lib/gcc/arm-none-eabi/4.8.4/../../../../arm-none-eabi/lib/armv7-m/libcr_c.a(_frexpl.o)
                0x000026ba                _frexpl
 *fill*         0x00002716        0x2 
 .text._ldexpl  0x00002718       0x4c /usr/local/lpcxpresso_7.3.0_186/lpcxpresso/tools/bin/../lib/gcc/arm-none-eabi/4.8.4/../../../../arm-none-eabi/lib/armv7-m/libcr_c.a(_ldexpl.o)
                0x00002718                _ldexpl
 .text._Cwritebuf
                0x00002764       0x70 /usr/local/lpcxpresso_7.3.0_186/lpcxpresso/tools/bin/../lib/gcc/arm-none-eabi/4.8.4/../../../../arm-none-eabi/lib/armv7-m/libcr_c.a(_writebuf.o)
                0x00002764                _Cwritebuf
 .text.malloc   0x000027d4       0xc4 /usr/local/lpcxpresso_7.3.0_186/lpcxpresso/tools/bin/../lib/gcc/arm-none-eabi/4.8.4/../../../../arm-none-eabi/lib/armv7-m/libcr_c.a(alloc.o)
                0x000027d4                malloc
 .text.free     0x00002898        0xc /usr/local/lpcxpresso_7.3.0_186/lpcxpresso/tools/bin/../lib/gcc/arm-none-eabi/4.8.4/../../../../arm-none-eabi/lib/armv7-m/libcr_c.a(alloc.o)
                0x00002898                free
 .text._Csys_alloc
                0x000028a4       0x20 /usr/local/lpcxpresso_7.3.0_186/lpcxpresso/tools/bin/../lib/gcc/arm-none-eabi/4.8.4/../../../../arm-none-eabi/lib/armv7-m/libcr_c.a(alloc.o)
                0x000028a4                _Csys_alloc
 .text.fclose   0x000028c4       0x6c /usr/local/lpcxpresso_7.3.0_186/lpcxpresso/tools/bin/../lib/gcc/arm-none-eabi/4.8.4/../../../../arm-none-eabi/lib/armv7-m/libcr_c.a(fclose.o)
                0x000028c4                fclose
 .text.fflush   0x00002930       0x30 /usr/local/lpcxpresso_7.3.0_186/lpcxpresso/tools/bin/../lib/gcc/arm-none-eabi/4.8.4/../../../../arm-none-eabi/lib/armv7-m/libcr_c.a(fflush.o)
                0x00002930                fflush
 .text.fseek    0x00002960      0x10c /usr/local/lpcxpresso_7.3.0_186/lpcxpresso/tools/bin/../lib/gcc/arm-none-eabi/4.8.4/../../../../arm-none-eabi/lib/armv7-m/libcr_c.a(fseek.o)
                0x00002960                fseek
 .text.ftell    0x00002a6c       0x4c /usr/local/lpcxpresso_7.3.0_186/lpcxpresso/tools/bin/../lib/gcc/arm-none-eabi/4.8.4/../../../../arm-none-eabi/lib/armv7-m/libcr_c.a(ftell.o)
                0x00002a6c                ftell
 .text.remove   0x00002ab8       0x14 /usr/local/lpcxpresso_7.3.0_186/lpcxpresso/tools/bin/../lib/gcc/arm-none-eabi/4.8.4/../../../../arm-none-eabi/lib/armv7-m/libcr_c.a(remove.o)
                0x00002ab8                remove
 .text._sbrk    0x00002acc       0x40 /usr/local/lpcxpresso_7.3.0_186/lpcxpresso/tools/bin/../lib/gcc/arm-none-eabi/4.8.4/../../../../arm-none-eabi/lib/armv7-m/libcr_c.a(_cr_sbrk.o)
                0x00002acc                _sbrk
 .text._do_fflush
                0x00002b0c       0x44 /usr/local/lpcxpresso_7.3.0_186/lpcxpresso/tools/bin/../lib/gcc/arm-none-eabi/4.8.4/../../../../arm-none-eabi/lib/armv7-m/libcr_c.a(_do_fflush.o)
                0x00002b0c                _do_fflush
 .text.__check_heap_overflow
                0x00002b50       0x18 /usr/local/lpcxpresso_7.3.0_186/lpcxpresso/tools/bin/../lib/gcc/arm-none-eabi/4.8.4/../../../../arm-none-eabi/lib/armv7-m/libcr_c.a(_cr_check_heap.o)
                0x00002b50                __check_heap_overflow
 .text.__aeabi_dmul
                0x00002b68      0x12c /usr/local/lpcxpresso_7.3.0_186/lpcxpresso/tools/bin/../lib/gcc/arm-none-eabi/4.8.4/armv7-m/libcr_eabihelpers.a(double.o)
                0x00002b68                __aeabi_dmul
 .text.__aeabi_ddiv
                0x00002c94      0x16c /usr/local/lpcxpresso_7.3.0_186/lpcxpresso/tools/bin/../lib/gcc/arm-none-eabi/4.8.4/armv7-m/libcr_eabihelpers.a(double.o)
                0x00002c94                __aeabi_ddiv
 .text.__aeabi_dsub
                0x00002e00      0x228 /usr/local/lpcxpresso_7.3.0_186/lpcxpresso/tools/bin/../lib/gcc/arm-none-eabi/4.8.4/armv7-m/libcr_eabihelpers.a(double.o)
                0x00002e00                __aeabi_dsub
 .text.__aeabi_dadd
                0x00003028      0x178 /usr/local/lpcxpresso_7.3.0_186/lpcxpresso/tools/bin/../lib/gcc/arm-none-eabi/4.8.4/armv7-m/libcr_eabihelpers.a(double.o)
                0x00003028                __aeabi_dadd
 .text.__aeabi_d2iz
                0x000031a0       0x4c /usr/local/lpcxpresso_7.3.0_186/lpcxpresso/tools/bin/../lib/gcc/arm-none-eabi/4.8.4/armv7-m/libcr_eabihelpers.a(double.o)
                0x000031a0                __aeabi_d2iz
 .text.__bhs_ui2d
                0x000031ec       0x48 /usr/local/lpcxpresso_7.3.0_186/lpcxpresso/tools/bin/../lib/gcc/arm-none-eabi/4.8.4/armv7-m/libcr_eabihelpers.a(double.o)
                0x000031ec                __bhs_ui2d
 .text.__aeabi_i2d
                0x00003234       0x10 /usr/local/lpcxpresso_7.3.0_186/lpcxpresso/tools/bin/../lib/gcc/arm-none-eabi/4.8.4/armv7-m/libcr_eabihelpers.a(double.o)
                0x00003234                __aeabi_i2d
 .text.__aeabi_dcmpeq
                0x00003244       0x40 /usr/local/lpcxpresso_7.3.0_186/lpcxpresso/tools/bin/../lib/gcc/arm-none-eabi/4.8.4/armv7-m/libcr_eabihelpers.a(double.o)
                0x00003244                __aeabi_dcmpeq
 .text.__aeabi_dcmplt
                0x00003284       0x70 /usr/local/lpcxpresso_7.3.0_186/lpcxpresso/tools/bin/../lib/gcc/arm-none-eabi/4.8.4/armv7-m/libcr_eabihelpers.a(double.o)
                0x00003284                __aeabi_dcmplt
 .text.__aeabi_dcmple
                0x000032f4       0x68 /usr/local/lpcxpresso_7.3.0_186/lpcxpresso/tools/bin/../lib/gcc/arm-none-eabi/4.8.4/armv7-m/libcr_eabihelpers.a(double.o)
                0x000032f4                __aeabi_dcmple
 .text.__aeabi_dcmpge
                0x0000335c       0x64 /usr/local/lpcxpresso_7.3.0_186/lpcxpresso/tools/bin/../lib/gcc/arm-none-eabi/4.8.4/armv7-m/libcr_eabihelpers.a(double.o)
                0x0000335c                __aeabi_dcmpge
 .text.__aeabi_memset_lowlevel
                0x000033c0       0x2c /usr/local/lpcxpresso_7.3.0_186/lpcxpresso/tools/bin/../lib/gcc/arm-none-eabi/4.8.4/armv7-m/libcr_eabihelpers.a(memcpy.o)
                0x000033c0                __aeabi_lowlevel_memset
 .text.__sys_appexit
                0x000033ec        0x2 /usr/local/lpcxpresso_7.3.0_186/lpcxpresso/tools/bin/../lib/gcc/arm-none-eabi/4.8.4/../../../../arm-none-eabi/lib/armv7-m/libcr_nohost.a(__sys_appexit.o)
                0x000033ec                __exit
                0x000033ec                __sys_appexit
 .text.__sys_close
                0x000033ee        0x6 /usr/local/lpcxpresso_7.3.0_186/lpcxpresso/tools/bin/../lib/gcc/arm-none-eabi/4.8.4/../../../../arm-none-eabi/lib/armv7-m/libcr_nohost.a(__sys_close.o)
                0x000033ee                __sys_close
 .text.__sys_flen
                0x000033f4        0x6 /usr/local/lpcxpresso_7.3.0_186/lpcxpresso/tools/bin/../lib/gcc/arm-none-eabi/4.8.4/../../../../arm-none-eabi/lib/armv7-m/libcr_nohost.a(__sys_flen.o)
                0x000033f4                __sys_flen
 .text.__sys_istty
                0x000033fa        0x6 /usr/local/lpcxpresso_7.3.0_186/lpcxpresso/tools/bin/../lib/gcc/arm-none-eabi/4.8.4/../../../../arm-none-eabi/lib/armv7-m/libcr_nohost.a(__sys_istty.o)
                0x000033fa                __sys_istty
 .text.__sys_remove
                0x00003400        0x6 /usr/local/lpcxpresso_7.3.0_186/lpcxpresso/tools/bin/../lib/gcc/arm-none-eabi/4.8.4/../../../../arm-none-eabi/lib/armv7-m/libcr_nohost.a(__sys_remove.o)
                0x00003400                __sys_remove
 .text.__sys_seek
                0x00003406        0x6 /usr/local/lpcxpresso_7.3.0_186/lpcxpresso/tools/bin/../lib/gcc/arm-none-eabi/4.8.4/../../../../arm-none-eabi/lib/armv7-m/libcr_nohost.a(__sys_seek.o)
                0x00003406                __sys_seek
 .text.__sys_tmpnam
                0x0000340c        0x6 /usr/local/lpcxpresso_7.3.0_186/lpcxpresso/tools/bin/../lib/gcc/arm-none-eabi/4.8.4/../../../../arm-none-eabi/lib/armv7-m/libcr_nohost.a(__sys_tmpnam.o)
                0x0000340c                __sys_tmpnam
 *(.rodata .rodata.* .constdata .constdata.*)
 *fill*         0x00003412        0x2 
 .rodata.str1.4
                0x00003414      0x238 ./can_sniffer/src/can.o
 .rodata.RTCOscRateIn
                0x0000364c        0x4 /home/hernan/repo_github/CAN_LPC1769/LPC-CAN/lpc_board_nxp_lpcxpresso_1769/Debug/liblpc_board_nxp_lpcxpresso_1769.a(board.o)
                0x0000364c                RTCOscRateIn
 .rodata.OscRateIn
                0x00003650        0x4 /home/hernan/repo_github/CAN_LPC1769/LPC-CAN/lpc_board_nxp_lpcxpresso_1769/Debug/liblpc_board_nxp_lpcxpresso_1769.a(board.o)
                0x00003650                OscRateIn
 .rodata.pinmuxing
                0x00003654       0x5c /home/hernan/repo_github/CAN_LPC1769/LPC-CAN/lpc_board_nxp_lpcxpresso_1769/Debug/liblpc_board_nxp_lpcxpresso_1769.a(board_sysinit.o)
 .rodata.str1.1
                0x000036b0       0x34 /usr/local/lpcxpresso_7.3.0_186/lpcxpresso/tools/bin/../lib/gcc/arm-none-eabi/4.8.4/../../../../arm-none-eabi/lib/armv7-m/libcr_c.a(fpprintf.o)
                                 0x35 (size before relaxing)
 .rodata.str1.1
                0x000036e4        0x4 /usr/local/lpcxpresso_7.3.0_186/lpcxpresso/tools/bin/../lib/gcc/arm-none-eabi/4.8.4/../../../../arm-none-eabi/lib/armv7-m/libcr_c.a(initio.o)
 .rodata.str1.1
                0x000036e8       0x31 /usr/local/lpcxpresso_7.3.0_186/lpcxpresso/tools/bin/../lib/gcc/arm-none-eabi/4.8.4/../../../../arm-none-eabi/lib/armv7-m/libcr_c.a(printf.o)
                                 0x38 (size before relaxing)
 .rodata.str1.1
                0x00003719       0x18 /usr/local/lpcxpresso_7.3.0_186/lpcxpresso/tools/bin/../lib/gcc/arm-none-eabi/4.8.4/../../../../arm-none-eabi/lib/armv7-m/libcr_c.a(alloc.o)
 *fill*         0x00003731        0x7 
 .rodata.__huge_vall
                0x00003738        0x8 /usr/local/lpcxpresso_7.3.0_186/lpcxpresso/tools/bin/../lib/gcc/arm-none-eabi/4.8.4/../../../../arm-none-eabi/lib/armv7-m/libcr_c.a(_hugeval.o)
                0x00003738                __huge_vall
                0x00003740                . = ALIGN (0x4)

.glue_7         0x00003740        0x0
 .glue_7        0x00000000        0x0 linker stubs

.glue_7t        0x00003740        0x0
 .glue_7t       0x00000000        0x0 linker stubs

.vfp11_veneer   0x00003740        0x0
 .vfp11_veneer  0x00000000        0x0 linker stubs

.v4_bx          0x00003740        0x0
 .v4_bx         0x00000000        0x0 linker stubs

.iplt           0x00003740        0x0
 .iplt          0x00000000        0x0 ./can_sniffer/src/can.o

.rel.dyn        0x00003740        0x0
 .rel.iplt      0x00000000        0x0 ./can_sniffer/src/can.o

.ARM.extab
 *(.ARM.extab* .gnu.linkonce.armextab.*)
                0x00003740                __exidx_start = .

.ARM.exidx
 *(.ARM.exidx* .gnu.linkonce.armexidx.*)
                0x00003740                __exidx_end = .
                0x00003740                _etext = .

.data_RAM2      0x2007c000        0x0 load address 0x00003740
 FILL mask 0xff
 *(.ramfunc.$RAM2)
 *(.ramfunc.$RamAHB32)
 *(.data.$RAM2*)
 *(.data.$RamAHB32*)
                0x2007c000                . = ALIGN (0x4)

.uninit_RESERVED
                0x10000000        0x0
 *(.bss.$RESERVED*)
                0x10000000                . = ALIGN (0x4)
                0x10000000                _end_uninit_RESERVED = .

.data           0x10000000        0x0 load address 0x00003740
 FILL mask 0xff
                0x10000000                _data = .
 *(vtable)
 *(.ramfunc*)
 *(.data*)
                0x10000000                . = ALIGN (0x4)
                0x10000000                _edata = .

.igot.plt       0x10000000        0x0 load address 0x00003740
 .igot.plt      0x00000000        0x0 ./can_sniffer/src/can.o

.bss_RAM2       0x2007c000        0x0
 *(.bss.$RAM2*)
 *(.bss.$RamAHB32*)
                0x2007c000                . = ALIGN (0x4)

.bss            0x10000000      0x158
                0x10000000                _bss = .
 *(.bss*)
 .bss.J1939_Mask
                0x10000000        0x4 ./can_sniffer/src/can.o
                0x10000000                J1939_Mask
 .bss.errno     0x10000004        0x4 /usr/local/lpcxpresso_7.3.0_186/lpcxpresso/tools/bin/../lib/gcc/arm-none-eabi/4.8.4/../../../../arm-none-eabi/lib/armv7-m/libcr_c.a(errno.o)
                0x10000004                errno
 *(COMMON)
 COMMON         0x10000008        0x4 /home/hernan/repo_github/CAN_LPC1769/LPC-CAN/lpc_chip_175x_6x/Debug/liblpc_chip_175x_6x.a(chip_17xx_40xx.o)
                0x10000008                SystemCoreClock
 COMMON         0x1000000c        0x4 /usr/local/lpcxpresso_7.3.0_186/lpcxpresso/tools/bin/../lib/gcc/arm-none-eabi/4.8.4/../../../../arm-none-eabi/lib/armv7-m/libcr_c.a(initio.o)
                0x1000000c                _extra
 COMMON         0x10000010      0x140 /usr/local/lpcxpresso_7.3.0_186/lpcxpresso/tools/bin/../lib/gcc/arm-none-eabi/4.8.4/../../../../arm-none-eabi/lib/armv7-m/libcr_c.a(stdio.o)
                0x10000010                __Ciob
 COMMON         0x10000150        0x8 /usr/local/lpcxpresso_7.3.0_186/lpcxpresso/tools/bin/../lib/gcc/arm-none-eabi/4.8.4/../../../../arm-none-eabi/lib/armv7-m/libcr_c.a(__init_alloc.o)
                0x10000150                __heaps
                0x10000154                __end_of_heap
                0x10000158                . = ALIGN (0x4)
                0x10000158                _ebss = .
                0x10000158                PROVIDE (end, .)

.noinit_RAM2    0x2007c000        0x0
 *(.noinit.$RAM2*)
 *(.noinit.$RamAHB32*)
                0x2007c000                . = ALIGN (0x4)

.noinit         0x10000158        0x0
                0x10000158                _noinit = .
 *(.noinit*)
                0x10000158                . = ALIGN (0x4)
                0x10000158                _end_noinit = .
                0x10000158                PROVIDE (_pvHeapStart, .)
                0x10008000                PROVIDE (_vStackTop, (__top_RamLoc32 - 0x0))
OUTPUT(periph_can.axf elf32-littlearm)

.debug_info     0x00000000     0x9a01
 .debug_info    0x00000000      0xdab ./can_sniffer/src/can.o
 .debug_info    0x00000dab      0x287 ./can_sniffer/src/cr_startup_lpc175x_6x.o
 .debug_info    0x00001032      0x122 ./can_sniffer/src/sysinit.o
 .debug_info    0x00001154     0x1d6c /home/hernan/repo_github/CAN_LPC1769/LPC-CAN/lpc_board_nxp_lpcxpresso_1769/Debug/liblpc_board_nxp_lpcxpresso_1769.a(board.o)
 .debug_info    0x00002ec0      0x5f5 /home/hernan/repo_github/CAN_LPC1769/LPC-CAN/lpc_board_nxp_lpcxpresso_1769/Debug/liblpc_board_nxp_lpcxpresso_1769.a(board_sysinit.o)
 .debug_info    0x000034b5     0x354f /home/hernan/repo_github/CAN_LPC1769/LPC-CAN/lpc_chip_175x_6x/Debug/liblpc_chip_175x_6x.a(can_17xx_40xx.o)
 .debug_info    0x00006a04      0x5e7 /home/hernan/repo_github/CAN_LPC1769/LPC-CAN/lpc_chip_175x_6x/Debug/liblpc_chip_175x_6x.a(chip_17xx_40xx.o)
 .debug_info    0x00006feb      0xc88 /home/hernan/repo_github/CAN_LPC1769/LPC-CAN/lpc_chip_175x_6x/Debug/liblpc_chip_175x_6x.a(clock_17xx_40xx.o)
 .debug_info    0x00007c73      0x318 /home/hernan/repo_github/CAN_LPC1769/LPC-CAN/lpc_chip_175x_6x/Debug/liblpc_chip_175x_6x.a(iocon_17xx_40xx.o)
 .debug_info    0x00007f8b      0x66f /home/hernan/repo_github/CAN_LPC1769/LPC-CAN/lpc_chip_175x_6x/Debug/liblpc_chip_175x_6x.a(sysinit_17xx_40xx.o)
 .debug_info    0x000085fa     0x1407 /home/hernan/repo_github/CAN_LPC1769/LPC-CAN/lpc_chip_175x_6x/Debug/liblpc_chip_175x_6x.a(uart_17xx_40xx.o)

.debug_abbrev   0x00000000     0x1ad9
 .debug_abbrev  0x00000000      0x34d ./can_sniffer/src/can.o
 .debug_abbrev  0x0000034d      0x111 ./can_sniffer/src/cr_startup_lpc175x_6x.o
 .debug_abbrev  0x0000045e       0xbf ./can_sniffer/src/sysinit.o
 .debug_abbrev  0x0000051d      0x420 /home/hernan/repo_github/CAN_LPC1769/LPC-CAN/lpc_board_nxp_lpcxpresso_1769/Debug/liblpc_board_nxp_lpcxpresso_1769.a(board.o)
 .debug_abbrev  0x0000093d      0x1d3 /home/hernan/repo_github/CAN_LPC1769/LPC-CAN/lpc_board_nxp_lpcxpresso_1769/Debug/liblpc_board_nxp_lpcxpresso_1769.a(board_sysinit.o)
 .debug_abbrev  0x00000b10      0x3ce /home/hernan/repo_github/CAN_LPC1769/LPC-CAN/lpc_chip_175x_6x/Debug/liblpc_chip_175x_6x.a(can_17xx_40xx.o)
 .debug_abbrev  0x00000ede      0x1bc /home/hernan/repo_github/CAN_LPC1769/LPC-CAN/lpc_chip_175x_6x/Debug/liblpc_chip_175x_6x.a(chip_17xx_40xx.o)
 .debug_abbrev  0x0000109a      0x320 /home/hernan/repo_github/CAN_LPC1769/LPC-CAN/lpc_chip_175x_6x/Debug/liblpc_chip_175x_6x.a(clock_17xx_40xx.o)
 .debug_abbrev  0x000013ba      0x132 /home/hernan/repo_github/CAN_LPC1769/LPC-CAN/lpc_chip_175x_6x/Debug/liblpc_chip_175x_6x.a(iocon_17xx_40xx.o)
 .debug_abbrev  0x000014ec      0x1f2 /home/hernan/repo_github/CAN_LPC1769/LPC-CAN/lpc_chip_175x_6x/Debug/liblpc_chip_175x_6x.a(sysinit_17xx_40xx.o)
 .debug_abbrev  0x000016de      0x3fb /home/hernan/repo_github/CAN_LPC1769/LPC-CAN/lpc_chip_175x_6x/Debug/liblpc_chip_175x_6x.a(uart_17xx_40xx.o)

.debug_loc      0x00000000     0x50bf
 .debug_loc     0x00000000       0xef ./can_sniffer/src/can.o
 .debug_loc     0x000000ef      0x1d1 ./can_sniffer/src/cr_startup_lpc175x_6x.o
 .debug_loc     0x000002c0      0x582 /home/hernan/repo_github/CAN_LPC1769/LPC-CAN/lpc_board_nxp_lpcxpresso_1769/Debug/liblpc_board_nxp_lpcxpresso_1769.a(board.o)
 .debug_loc     0x00000842       0x13 /home/hernan/repo_github/CAN_LPC1769/LPC-CAN/lpc_board_nxp_lpcxpresso_1769/Debug/liblpc_board_nxp_lpcxpresso_1769.a(board_sysinit.o)
 .debug_loc     0x00000855     0x357d /home/hernan/repo_github/CAN_LPC1769/LPC-CAN/lpc_chip_175x_6x/Debug/liblpc_chip_175x_6x.a(can_17xx_40xx.o)
 .debug_loc     0x00003dd2      0x53b /home/hernan/repo_github/CAN_LPC1769/LPC-CAN/lpc_chip_175x_6x/Debug/liblpc_chip_175x_6x.a(clock_17xx_40xx.o)
 .debug_loc     0x0000430d      0x1e4 /home/hernan/repo_github/CAN_LPC1769/LPC-CAN/lpc_chip_175x_6x/Debug/liblpc_chip_175x_6x.a(iocon_17xx_40xx.o)
 .debug_loc     0x000044f1      0xbce /home/hernan/repo_github/CAN_LPC1769/LPC-CAN/lpc_chip_175x_6x/Debug/liblpc_chip_175x_6x.a(uart_17xx_40xx.o)

.debug_aranges  0x00000000      0x590
 .debug_aranges
                0x00000000       0x38 ./can_sniffer/src/can.o
 .debug_aranges
                0x00000038       0x80 ./can_sniffer/src/cr_startup_lpc175x_6x.o
 .debug_aranges
                0x000000b8       0x20 ./can_sniffer/src/sysinit.o
 .debug_aranges
                0x000000d8       0xe0 /home/hernan/repo_github/CAN_LPC1769/LPC-CAN/lpc_board_nxp_lpcxpresso_1769/Debug/liblpc_board_nxp_lpcxpresso_1769.a(board.o)
 .debug_aranges
                0x000001b8       0x30 /home/hernan/repo_github/CAN_LPC1769/LPC-CAN/lpc_board_nxp_lpcxpresso_1769/Debug/liblpc_board_nxp_lpcxpresso_1769.a(board_sysinit.o)
 .debug_aranges
                0x000001e8      0x198 /home/hernan/repo_github/CAN_LPC1769/LPC-CAN/lpc_chip_175x_6x/Debug/liblpc_chip_175x_6x.a(can_17xx_40xx.o)
 .debug_aranges
                0x00000380       0x28 /home/hernan/repo_github/CAN_LPC1769/LPC-CAN/lpc_chip_175x_6x/Debug/liblpc_chip_175x_6x.a(chip_17xx_40xx.o)
 .debug_aranges
                0x000003a8       0xc8 /home/hernan/repo_github/CAN_LPC1769/LPC-CAN/lpc_chip_175x_6x/Debug/liblpc_chip_175x_6x.a(clock_17xx_40xx.o)
 .debug_aranges
                0x00000470       0x30 /home/hernan/repo_github/CAN_LPC1769/LPC-CAN/lpc_chip_175x_6x/Debug/liblpc_chip_175x_6x.a(iocon_17xx_40xx.o)
 .debug_aranges
                0x000004a0       0x30 /home/hernan/repo_github/CAN_LPC1769/LPC-CAN/lpc_chip_175x_6x/Debug/liblpc_chip_175x_6x.a(sysinit_17xx_40xx.o)
 .debug_aranges
                0x000004d0       0xc0 /home/hernan/repo_github/CAN_LPC1769/LPC-CAN/lpc_chip_175x_6x/Debug/liblpc_chip_175x_6x.a(uart_17xx_40xx.o)

.debug_ranges   0x00000000      0x528
 .debug_ranges  0x00000000       0x28 ./can_sniffer/src/can.o
 .debug_ranges  0x00000028       0x70 ./can_sniffer/src/cr_startup_lpc175x_6x.o
 .debug_ranges  0x00000098       0x10 ./can_sniffer/src/sysinit.o
 .debug_ranges  0x000000a8       0xe8 /home/hernan/repo_github/CAN_LPC1769/LPC-CAN/lpc_board_nxp_lpcxpresso_1769/Debug/liblpc_board_nxp_lpcxpresso_1769.a(board.o)
 .debug_ranges  0x00000190       0x20 /home/hernan/repo_github/CAN_LPC1769/LPC-CAN/lpc_board_nxp_lpcxpresso_1769/Debug/liblpc_board_nxp_lpcxpresso_1769.a(board_sysinit.o)
 .debug_ranges  0x000001b0      0x1b8 /home/hernan/repo_github/CAN_LPC1769/LPC-CAN/lpc_chip_175x_6x/Debug/liblpc_chip_175x_6x.a(can_17xx_40xx.o)
 .debug_ranges  0x00000368       0x18 /home/hernan/repo_github/CAN_LPC1769/LPC-CAN/lpc_chip_175x_6x/Debug/liblpc_chip_175x_6x.a(chip_17xx_40xx.o)
 .debug_ranges  0x00000380       0xb8 /home/hernan/repo_github/CAN_LPC1769/LPC-CAN/lpc_chip_175x_6x/Debug/liblpc_chip_175x_6x.a(clock_17xx_40xx.o)
 .debug_ranges  0x00000438       0x20 /home/hernan/repo_github/CAN_LPC1769/LPC-CAN/lpc_chip_175x_6x/Debug/liblpc_chip_175x_6x.a(iocon_17xx_40xx.o)
 .debug_ranges  0x00000458       0x20 /home/hernan/repo_github/CAN_LPC1769/LPC-CAN/lpc_chip_175x_6x/Debug/liblpc_chip_175x_6x.a(sysinit_17xx_40xx.o)
 .debug_ranges  0x00000478       0xb0 /home/hernan/repo_github/CAN_LPC1769/LPC-CAN/lpc_chip_175x_6x/Debug/liblpc_chip_175x_6x.a(uart_17xx_40xx.o)

.debug_macro    0x00000000     0x548b
 .debug_macro   0x00000000      0x241 ./can_sniffer/src/can.o
 .debug_macro   0x00000241      0x85c ./can_sniffer/src/can.o
 .debug_macro   0x00000a9d       0x10 ./can_sniffer/src/can.o
 .debug_macro   0x00000aad      0x122 ./can_sniffer/src/can.o
 .debug_macro   0x00000bcf      0x5b9 ./can_sniffer/src/can.o
 .debug_macro   0x00001188       0x22 ./can_sniffer/src/can.o
 .debug_macro   0x000011aa       0x7b ./can_sniffer/src/can.o
 .debug_macro   0x00001225       0x10 ./can_sniffer/src/can.o
 .debug_macro   0x00001235       0x2d ./can_sniffer/src/can.o
 .debug_macro   0x00001262       0x3a ./can_sniffer/src/can.o
 .debug_macro   0x0000129c       0x2d ./can_sniffer/src/can.o
 .debug_macro   0x000012c9      0xbb1 ./can_sniffer/src/can.o
 .debug_macro   0x00001e7a      0x22c ./can_sniffer/src/can.o
 .debug_macro   0x000020a6       0x42 ./can_sniffer/src/can.o
 .debug_macro   0x000020e8       0x52 ./can_sniffer/src/can.o
 .debug_macro   0x0000213a       0x78 ./can_sniffer/src/can.o
 .debug_macro   0x000021b2       0x82 ./can_sniffer/src/can.o
 .debug_macro   0x00002234      0x48c ./can_sniffer/src/can.o
 .debug_macro   0x000026c0       0x34 ./can_sniffer/src/can.o
 .debug_macro   0x000026f4      0x4c5 ./can_sniffer/src/can.o
 .debug_macro   0x00002bb9      0x1b7 ./can_sniffer/src/can.o
 .debug_macro   0x00002d70       0x10 ./can_sniffer/src/can.o
 .debug_macro   0x00002d80      0x21b ./can_sniffer/src/can.o
 .debug_macro   0x00002f9b      0x1b9 ./can_sniffer/src/can.o
 .debug_macro   0x00003154       0x40 ./can_sniffer/src/can.o
 .debug_macro   0x00003194       0x22 ./can_sniffer/src/can.o
 .debug_macro   0x000031b6      0x162 ./can_sniffer/src/can.o
 .debug_macro   0x00003318       0x94 ./can_sniffer/src/can.o
 .debug_macro   0x000033ac       0xb8 ./can_sniffer/src/can.o
 .debug_macro   0x00003464       0x4c ./can_sniffer/src/can.o
 .debug_macro   0x000034b0       0x16 ./can_sniffer/src/can.o
 .debug_macro   0x000034c6      0x328 ./can_sniffer/src/can.o
 .debug_macro   0x000037ee       0x49 ./can_sniffer/src/can.o
 .debug_macro   0x00003837       0x16 ./can_sniffer/src/can.o
 .debug_macro   0x0000384d       0xca ./can_sniffer/src/can.o
 .debug_macro   0x00003917       0x18 ./can_sniffer/src/can.o
 .debug_macro   0x0000392f       0x70 ./can_sniffer/src/can.o
 .debug_macro   0x0000399f       0x9a ./can_sniffer/src/can.o
 .debug_macro   0x00003a39       0x20 ./can_sniffer/src/can.o
 .debug_macro   0x00003a59       0x28 ./can_sniffer/src/can.o
 .debug_macro   0x00003a81       0x1d ./can_sniffer/src/cr_startup_lpc175x_6x.o
 .debug_macro   0x00003a9e      0x217 ./can_sniffer/src/sysinit.o
 .debug_macro   0x00003cb5      0x289 /home/hernan/repo_github/CAN_LPC1769/LPC-CAN/lpc_board_nxp_lpcxpresso_1769/Debug/liblpc_board_nxp_lpcxpresso_1769.a(board.o)
 .debug_macro   0x00003f3e      0x856 /home/hernan/repo_github/CAN_LPC1769/LPC-CAN/lpc_board_nxp_lpcxpresso_1769/Debug/liblpc_board_nxp_lpcxpresso_1769.a(board.o)
 .debug_macro   0x00004794       0x12 /home/hernan/repo_github/CAN_LPC1769/LPC-CAN/lpc_board_nxp_lpcxpresso_1769/Debug/liblpc_board_nxp_lpcxpresso_1769.a(board.o)
 .debug_macro   0x000047a6      0x217 /home/hernan/repo_github/CAN_LPC1769/LPC-CAN/lpc_board_nxp_lpcxpresso_1769/Debug/liblpc_board_nxp_lpcxpresso_1769.a(board_sysinit.o)
 .debug_macro   0x000049bd      0x1cd /home/hernan/repo_github/CAN_LPC1769/LPC-CAN/lpc_chip_175x_6x/Debug/liblpc_chip_175x_6x.a(can_17xx_40xx.o)
 .debug_macro   0x00004b8a      0x1cd /home/hernan/repo_github/CAN_LPC1769/LPC-CAN/lpc_chip_175x_6x/Debug/liblpc_chip_175x_6x.a(chip_17xx_40xx.o)
 .debug_macro   0x00004d57      0x1cd /home/hernan/repo_github/CAN_LPC1769/LPC-CAN/lpc_chip_175x_6x/Debug/liblpc_chip_175x_6x.a(clock_17xx_40xx.o)
 .debug_macro   0x00004f24      0x1cd /home/hernan/repo_github/CAN_LPC1769/LPC-CAN/lpc_chip_175x_6x/Debug/liblpc_chip_175x_6x.a(iocon_17xx_40xx.o)
 .debug_macro   0x000050f1      0x1cd /home/hernan/repo_github/CAN_LPC1769/LPC-CAN/lpc_chip_175x_6x/Debug/liblpc_chip_175x_6x.a(sysinit_17xx_40xx.o)
 .debug_macro   0x000052be      0x1cd /home/hernan/repo_github/CAN_LPC1769/LPC-CAN/lpc_chip_175x_6x/Debug/liblpc_chip_175x_6x.a(uart_17xx_40xx.o)

.debug_line     0x00000000     0x3eac
 .debug_line    0x00000000      0x54b ./can_sniffer/src/can.o
 .debug_line    0x0000054b       0xb7 ./can_sniffer/src/cr_startup_lpc175x_6x.o
 .debug_line    0x00000602      0x491 ./can_sniffer/src/sysinit.o
 .debug_line    0x00000a93      0x779 /home/hernan/repo_github/CAN_LPC1769/LPC-CAN/lpc_board_nxp_lpcxpresso_1769/Debug/liblpc_board_nxp_lpcxpresso_1769.a(board.o)
 .debug_line    0x0000120c      0x4b0 /home/hernan/repo_github/CAN_LPC1769/LPC-CAN/lpc_board_nxp_lpcxpresso_1769/Debug/liblpc_board_nxp_lpcxpresso_1769.a(board_sysinit.o)
 .debug_line    0x000016bc      0xd43 /home/hernan/repo_github/CAN_LPC1769/LPC-CAN/lpc_chip_175x_6x/Debug/liblpc_chip_175x_6x.a(can_17xx_40xx.o)
 .debug_line    0x000023ff      0x44a /home/hernan/repo_github/CAN_LPC1769/LPC-CAN/lpc_chip_175x_6x/Debug/liblpc_chip_175x_6x.a(chip_17xx_40xx.o)
 .debug_line    0x00002849      0x643 /home/hernan/repo_github/CAN_LPC1769/LPC-CAN/lpc_chip_175x_6x/Debug/liblpc_chip_175x_6x.a(clock_17xx_40xx.o)
 .debug_line    0x00002e8c      0x441 /home/hernan/repo_github/CAN_LPC1769/LPC-CAN/lpc_chip_175x_6x/Debug/liblpc_chip_175x_6x.a(iocon_17xx_40xx.o)
 .debug_line    0x000032cd      0x4ca /home/hernan/repo_github/CAN_LPC1769/LPC-CAN/lpc_chip_175x_6x/Debug/liblpc_chip_175x_6x.a(sysinit_17xx_40xx.o)
 .debug_line    0x00003797      0x715 /home/hernan/repo_github/CAN_LPC1769/LPC-CAN/lpc_chip_175x_6x/Debug/liblpc_chip_175x_6x.a(uart_17xx_40xx.o)

.debug_str      0x00000000    0x137e6
 .debug_str     0x00000000    0x10f7d ./can_sniffer/src/can.o
                              0x110a3 (size before relaxing)
 .debug_str     0x00010f7d      0x1d5 ./can_sniffer/src/cr_startup_lpc175x_6x.o
                               0x25c3 (size before relaxing)
 .debug_str     0x00011152       0x38 ./can_sniffer/src/sysinit.o
                              0x1094a (size before relaxing)
 .debug_str     0x0001118a      0xd43 /home/hernan/repo_github/CAN_LPC1769/LPC-CAN/lpc_board_nxp_lpcxpresso_1769/Debug/liblpc_board_nxp_lpcxpresso_1769.a(board.o)
                              0x118c8 (size before relaxing)
 .debug_str     0x00011ecd      0x24b /home/hernan/repo_github/CAN_LPC1769/LPC-CAN/lpc_board_nxp_lpcxpresso_1769/Debug/liblpc_board_nxp_lpcxpresso_1769.a(board_sysinit.o)
                              0x10d77 (size before relaxing)
 .debug_str     0x00012118      0xc19 /home/hernan/repo_github/CAN_LPC1769/LPC-CAN/lpc_chip_175x_6x/Debug/liblpc_chip_175x_6x.a(can_17xx_40xx.o)
                              0x1147c (size before relaxing)
 .debug_str     0x00012d31       0xc6 /home/hernan/repo_github/CAN_LPC1769/LPC-CAN/lpc_chip_175x_6x/Debug/liblpc_chip_175x_6x.a(chip_17xx_40xx.o)
                              0x10ad4 (size before relaxing)
 .debug_str     0x00012df7      0x54b /home/hernan/repo_github/CAN_LPC1769/LPC-CAN/lpc_chip_175x_6x/Debug/liblpc_chip_175x_6x.a(clock_17xx_40xx.o)
                              0x110b8 (size before relaxing)
 .debug_str     0x00013342       0x4f /home/hernan/repo_github/CAN_LPC1769/LPC-CAN/lpc_chip_175x_6x/Debug/liblpc_chip_175x_6x.a(iocon_17xx_40xx.o)
                              0x10535 (size before relaxing)
 .debug_str     0x00013391       0xad /home/hernan/repo_github/CAN_LPC1769/LPC-CAN/lpc_chip_175x_6x/Debug/liblpc_chip_175x_6x.a(sysinit_17xx_40xx.o)
                              0x10788 (size before relaxing)
 .debug_str     0x0001343e      0x3a8 /home/hernan/repo_github/CAN_LPC1769/LPC-CAN/lpc_chip_175x_6x/Debug/liblpc_chip_175x_6x.a(uart_17xx_40xx.o)
                              0x11034 (size before relaxing)

.comment        0x00000000       0xe0
 .comment       0x00000000       0x70 ./can_sniffer/src/can.o
                                 0x71 (size before relaxing)
 .comment       0x00000000       0x71 ./can_sniffer/src/cr_startup_lpc175x_6x.o
 .comment       0x00000000       0x71 ./can_sniffer/src/sysinit.o
 .comment       0x00000000       0x71 /home/hernan/repo_github/CAN_LPC1769/LPC-CAN/lpc_board_nxp_lpcxpresso_1769/Debug/liblpc_board_nxp_lpcxpresso_1769.a(board.o)
 .comment       0x00000000       0x71 /home/hernan/repo_github/CAN_LPC1769/LPC-CAN/lpc_board_nxp_lpcxpresso_1769/Debug/liblpc_board_nxp_lpcxpresso_1769.a(board_sysinit.o)
 .comment       0x00000000       0x71 /home/hernan/repo_github/CAN_LPC1769/LPC-CAN/lpc_chip_175x_6x/Debug/liblpc_chip_175x_6x.a(can_17xx_40xx.o)
 .comment       0x00000000       0x71 /home/hernan/repo_github/CAN_LPC1769/LPC-CAN/lpc_chip_175x_6x/Debug/liblpc_chip_175x_6x.a(chip_17xx_40xx.o)
 .comment       0x00000000       0x71 /home/hernan/repo_github/CAN_LPC1769/LPC-CAN/lpc_chip_175x_6x/Debug/liblpc_chip_175x_6x.a(clock_17xx_40xx.o)
 .comment       0x00000000       0x71 /home/hernan/repo_github/CAN_LPC1769/LPC-CAN/lpc_chip_175x_6x/Debug/liblpc_chip_175x_6x.a(iocon_17xx_40xx.o)
 .comment       0x00000000       0x71 /home/hernan/repo_github/CAN_LPC1769/LPC-CAN/lpc_chip_175x_6x/Debug/liblpc_chip_175x_6x.a(sysinit_17xx_40xx.o)
 .comment       0x00000000       0x71 /home/hernan/repo_github/CAN_LPC1769/LPC-CAN/lpc_chip_175x_6x/Debug/liblpc_chip_175x_6x.a(uart_17xx_40xx.o)
 .comment       0x00000070       0x70 /usr/local/lpcxpresso_7.3.0_186/lpcxpresso/tools/bin/../lib/gcc/arm-none-eabi/4.8.4/../../../../arm-none-eabi/lib/armv7-m/libcr_nohost.a(_cr__main.o)
                                 0x71 (size before relaxing)
 .comment       0x00000000       0x71 /usr/local/lpcxpresso_7.3.0_186/lpcxpresso/tools/bin/../lib/gcc/arm-none-eabi/4.8.4/../../../../arm-none-eabi/lib/armv7-m/libcr_c.a(fpprintf.o)
 .comment       0x00000000       0x71 /usr/local/lpcxpresso_7.3.0_186/lpcxpresso/tools/bin/../lib/gcc/arm-none-eabi/4.8.4/../../../../arm-none-eabi/lib/armv7-m/libcr_c.a(initio.o)
 .comment       0x00000000       0x71 /usr/local/lpcxpresso_7.3.0_186/lpcxpresso/tools/bin/../lib/gcc/arm-none-eabi/4.8.4/../../../../arm-none-eabi/lib/armv7-m/libcr_c.a(printf.o)
 .comment       0x00000000       0x71 /usr/local/lpcxpresso_7.3.0_186/lpcxpresso/tools/bin/../lib/gcc/arm-none-eabi/4.8.4/../../../../arm-none-eabi/lib/armv7-m/libcr_c.a(setvbuf.o)
 .comment       0x00000000       0x71 /usr/local/lpcxpresso_7.3.0_186/lpcxpresso/tools/bin/../lib/gcc/arm-none-eabi/4.8.4/../../../../arm-none-eabi/lib/armv7-m/libcr_c.a(stdio.o)
 .comment       0x00000000       0x71 /usr/local/lpcxpresso_7.3.0_186/lpcxpresso/tools/bin/../lib/gcc/arm-none-eabi/4.8.4/../../../../arm-none-eabi/lib/armv7-m/libcr_c.a(strlen.o)
 .comment       0x00000000       0x71 /usr/local/lpcxpresso_7.3.0_186/lpcxpresso/tools/bin/../lib/gcc/arm-none-eabi/4.8.4/../../../../arm-none-eabi/lib/armv7-m/libcr_c.a(memset.o)
 .comment       0x00000000       0x71 /usr/local/lpcxpresso_7.3.0_186/lpcxpresso/tools/bin/../lib/gcc/arm-none-eabi/4.8.4/../../../../arm-none-eabi/lib/armv7-m/libcr_c.a(_deferredlazyseek.o)
 .comment       0x00000000       0x71 /usr/local/lpcxpresso_7.3.0_186/lpcxpresso/tools/bin/../lib/gcc/arm-none-eabi/4.8.4/../../../../arm-none-eabi/lib/armv7-m/libcr_c.a(_fdopen.o)
 .comment       0x00000000       0x71 /usr/local/lpcxpresso_7.3.0_186/lpcxpresso/tools/bin/../lib/gcc/arm-none-eabi/4.8.4/../../../../arm-none-eabi/lib/armv7-m/libcr_c.a(_fflush.o)
 .comment       0x00000000       0x71 /usr/local/lpcxpresso_7.3.0_186/lpcxpresso/tools/bin/../lib/gcc/arm-none-eabi/4.8.4/../../../../arm-none-eabi/lib/armv7-m/libcr_c.a(_frexpl.o)
 .comment       0x00000000       0x71 /usr/local/lpcxpresso_7.3.0_186/lpcxpresso/tools/bin/../lib/gcc/arm-none-eabi/4.8.4/../../../../arm-none-eabi/lib/armv7-m/libcr_c.a(_ldexpl.o)
 .comment       0x00000000       0x71 /usr/local/lpcxpresso_7.3.0_186/lpcxpresso/tools/bin/../lib/gcc/arm-none-eabi/4.8.4/../../../../arm-none-eabi/lib/armv7-m/libcr_c.a(_writebuf.o)
 .comment       0x00000000       0x71 /usr/local/lpcxpresso_7.3.0_186/lpcxpresso/tools/bin/../lib/gcc/arm-none-eabi/4.8.4/../../../../arm-none-eabi/lib/armv7-m/libcr_c.a(alloc.o)
 .comment       0x00000000       0x71 /usr/local/lpcxpresso_7.3.0_186/lpcxpresso/tools/bin/../lib/gcc/arm-none-eabi/4.8.4/../../../../arm-none-eabi/lib/armv7-m/libcr_c.a(errno.o)
 .comment       0x00000000       0x71 /usr/local/lpcxpresso_7.3.0_186/lpcxpresso/tools/bin/../lib/gcc/arm-none-eabi/4.8.4/../../../../arm-none-eabi/lib/armv7-m/libcr_c.a(fclose.o)
 .comment       0x00000000       0x71 /usr/local/lpcxpresso_7.3.0_186/lpcxpresso/tools/bin/../lib/gcc/arm-none-eabi/4.8.4/../../../../arm-none-eabi/lib/armv7-m/libcr_c.a(fflush.o)
 .comment       0x00000000       0x71 /usr/local/lpcxpresso_7.3.0_186/lpcxpresso/tools/bin/../lib/gcc/arm-none-eabi/4.8.4/../../../../arm-none-eabi/lib/armv7-m/libcr_c.a(fseek.o)
 .comment       0x00000000       0x71 /usr/local/lpcxpresso_7.3.0_186/lpcxpresso/tools/bin/../lib/gcc/arm-none-eabi/4.8.4/../../../../arm-none-eabi/lib/armv7-m/libcr_c.a(ftell.o)
 .comment       0x00000000       0x71 /usr/local/lpcxpresso_7.3.0_186/lpcxpresso/tools/bin/../lib/gcc/arm-none-eabi/4.8.4/../../../../arm-none-eabi/lib/armv7-m/libcr_c.a(remove.o)
 .comment       0x00000000       0x71 /usr/local/lpcxpresso_7.3.0_186/lpcxpresso/tools/bin/../lib/gcc/arm-none-eabi/4.8.4/../../../../arm-none-eabi/lib/armv7-m/libcr_c.a(__init_alloc.o)
 .comment       0x00000000       0x71 /usr/local/lpcxpresso_7.3.0_186/lpcxpresso/tools/bin/../lib/gcc/arm-none-eabi/4.8.4/../../../../arm-none-eabi/lib/armv7-m/libcr_c.a(_cr_sbrk.o)
 .comment       0x00000000       0x71 /usr/local/lpcxpresso_7.3.0_186/lpcxpresso/tools/bin/../lib/gcc/arm-none-eabi/4.8.4/../../../../arm-none-eabi/lib/armv7-m/libcr_c.a(_do_fflush.o)
 .comment       0x00000000       0x71 /usr/local/lpcxpresso_7.3.0_186/lpcxpresso/tools/bin/../lib/gcc/arm-none-eabi/4.8.4/../../../../arm-none-eabi/lib/armv7-m/libcr_c.a(_hugeval.o)
 .comment       0x00000000       0x71 /usr/local/lpcxpresso_7.3.0_186/lpcxpresso/tools/bin/../lib/gcc/arm-none-eabi/4.8.4/../../../../arm-none-eabi/lib/armv7-m/libcr_c.a(_cr_check_heap.o)
 .comment       0x00000000       0x71 /usr/local/lpcxpresso_7.3.0_186/lpcxpresso/tools/bin/../lib/gcc/arm-none-eabi/4.8.4/armv7-m/libcr_eabihelpers.a(double.o)
 .comment       0x00000000       0x71 /usr/local/lpcxpresso_7.3.0_186/lpcxpresso/tools/bin/../lib/gcc/arm-none-eabi/4.8.4/../../../../arm-none-eabi/lib/armv7-m/libcr_nohost.a(__sys_appexit.o)
 .comment       0x00000000       0x71 /usr/local/lpcxpresso_7.3.0_186/lpcxpresso/tools/bin/../lib/gcc/arm-none-eabi/4.8.4/../../../../arm-none-eabi/lib/armv7-m/libcr_nohost.a(__sys_close.o)
 .comment       0x00000000       0x71 /usr/local/lpcxpresso_7.3.0_186/lpcxpresso/tools/bin/../lib/gcc/arm-none-eabi/4.8.4/../../../../arm-none-eabi/lib/armv7-m/libcr_nohost.a(__sys_flen.o)
 .comment       0x00000000       0x71 /usr/local/lpcxpresso_7.3.0_186/lpcxpresso/tools/bin/../lib/gcc/arm-none-eabi/4.8.4/../../../../arm-none-eabi/lib/armv7-m/libcr_nohost.a(__sys_istty.o)
 .comment       0x00000000       0x71 /usr/local/lpcxpresso_7.3.0_186/lpcxpresso/tools/bin/../lib/gcc/arm-none-eabi/4.8.4/../../../../arm-none-eabi/lib/armv7-m/libcr_nohost.a(__sys_remove.o)
 .comment       0x00000000       0x71 /usr/local/lpcxpresso_7.3.0_186/lpcxpresso/tools/bin/../lib/gcc/arm-none-eabi/4.8.4/../../../../arm-none-eabi/lib/armv7-m/libcr_nohost.a(__sys_seek.o)
 .comment       0x00000000       0x71 /usr/local/lpcxpresso_7.3.0_186/lpcxpresso/tools/bin/../lib/gcc/arm-none-eabi/4.8.4/../../../../arm-none-eabi/lib/armv7-m/libcr_nohost.a(__sys_tmpnam.o)

.ARM.attributes
                0x00000000       0x31
 .ARM.attributes
                0x00000000       0x33 ./can_sniffer/src/can.o
 .ARM.attributes
                0x00000033       0x33 ./can_sniffer/src/cr_startup_lpc175x_6x.o
 .ARM.attributes
                0x00000066       0x33 ./can_sniffer/src/sysinit.o
 .ARM.attributes
                0x00000099       0x33 /home/hernan/repo_github/CAN_LPC1769/LPC-CAN/lpc_board_nxp_lpcxpresso_1769/Debug/liblpc_board_nxp_lpcxpresso_1769.a(board.o)
 .ARM.attributes
                0x000000cc       0x33 /home/hernan/repo_github/CAN_LPC1769/LPC-CAN/lpc_board_nxp_lpcxpresso_1769/Debug/liblpc_board_nxp_lpcxpresso_1769.a(board_sysinit.o)
 .ARM.attributes
                0x000000ff       0x33 /home/hernan/repo_github/CAN_LPC1769/LPC-CAN/lpc_chip_175x_6x/Debug/liblpc_chip_175x_6x.a(can_17xx_40xx.o)
 .ARM.attributes
                0x00000132       0x33 /home/hernan/repo_github/CAN_LPC1769/LPC-CAN/lpc_chip_175x_6x/Debug/liblpc_chip_175x_6x.a(chip_17xx_40xx.o)
 .ARM.attributes
                0x00000165       0x33 /home/hernan/repo_github/CAN_LPC1769/LPC-CAN/lpc_chip_175x_6x/Debug/liblpc_chip_175x_6x.a(clock_17xx_40xx.o)
 .ARM.attributes
                0x00000198       0x33 /home/hernan/repo_github/CAN_LPC1769/LPC-CAN/lpc_chip_175x_6x/Debug/liblpc_chip_175x_6x.a(iocon_17xx_40xx.o)
 .ARM.attributes
                0x000001cb       0x33 /home/hernan/repo_github/CAN_LPC1769/LPC-CAN/lpc_chip_175x_6x/Debug/liblpc_chip_175x_6x.a(sysinit_17xx_40xx.o)
 .ARM.attributes
                0x000001fe       0x33 /home/hernan/repo_github/CAN_LPC1769/LPC-CAN/lpc_chip_175x_6x/Debug/liblpc_chip_175x_6x.a(uart_17xx_40xx.o)
 .ARM.attributes
                0x00000231       0x33 /usr/local/lpcxpresso_7.3.0_186/lpcxpresso/tools/bin/../lib/gcc/arm-none-eabi/4.8.4/../../../../arm-none-eabi/lib/armv7-m/libcr_nohost.a(_cr__main.o)
 .ARM.attributes
                0x00000264       0x33 /usr/local/lpcxpresso_7.3.0_186/lpcxpresso/tools/bin/../lib/gcc/arm-none-eabi/4.8.4/../../../../arm-none-eabi/lib/armv7-m/libcr_c.a(fpprintf.o)
 .ARM.attributes
                0x00000297       0x33 /usr/local/lpcxpresso_7.3.0_186/lpcxpresso/tools/bin/../lib/gcc/arm-none-eabi/4.8.4/../../../../arm-none-eabi/lib/armv7-m/libcr_c.a(initio.o)
 .ARM.attributes
                0x000002ca       0x33 /usr/local/lpcxpresso_7.3.0_186/lpcxpresso/tools/bin/../lib/gcc/arm-none-eabi/4.8.4/../../../../arm-none-eabi/lib/armv7-m/libcr_c.a(printf.o)
 .ARM.attributes
                0x000002fd       0x33 /usr/local/lpcxpresso_7.3.0_186/lpcxpresso/tools/bin/../lib/gcc/arm-none-eabi/4.8.4/../../../../arm-none-eabi/lib/armv7-m/libcr_c.a(setvbuf.o)
 .ARM.attributes
                0x00000330       0x33 /usr/local/lpcxpresso_7.3.0_186/lpcxpresso/tools/bin/../lib/gcc/arm-none-eabi/4.8.4/../../../../arm-none-eabi/lib/armv7-m/libcr_c.a(stdio.o)
 .ARM.attributes
                0x00000363       0x33 /usr/local/lpcxpresso_7.3.0_186/lpcxpresso/tools/bin/../lib/gcc/arm-none-eabi/4.8.4/../../../../arm-none-eabi/lib/armv7-m/libcr_c.a(strlen.o)
 .ARM.attributes
                0x00000396       0x33 /usr/local/lpcxpresso_7.3.0_186/lpcxpresso/tools/bin/../lib/gcc/arm-none-eabi/4.8.4/../../../../arm-none-eabi/lib/armv7-m/libcr_c.a(memset.o)
 .ARM.attributes
                0x000003c9       0x33 /usr/local/lpcxpresso_7.3.0_186/lpcxpresso/tools/bin/../lib/gcc/arm-none-eabi/4.8.4/../../../../arm-none-eabi/lib/armv7-m/libcr_c.a(_deferredlazyseek.o)
 .ARM.attributes
                0x000003fc       0x33 /usr/local/lpcxpresso_7.3.0_186/lpcxpresso/tools/bin/../lib/gcc/arm-none-eabi/4.8.4/../../../../arm-none-eabi/lib/armv7-m/libcr_c.a(_fdopen.o)
 .ARM.attributes
                0x0000042f       0x33 /usr/local/lpcxpresso_7.3.0_186/lpcxpresso/tools/bin/../lib/gcc/arm-none-eabi/4.8.4/../../../../arm-none-eabi/lib/armv7-m/libcr_c.a(_fflush.o)
 .ARM.attributes
                0x00000462       0x33 /usr/local/lpcxpresso_7.3.0_186/lpcxpresso/tools/bin/../lib/gcc/arm-none-eabi/4.8.4/../../../../arm-none-eabi/lib/armv7-m/libcr_c.a(_frexpl.o)
 .ARM.attributes
                0x00000495       0x33 /usr/local/lpcxpresso_7.3.0_186/lpcxpresso/tools/bin/../lib/gcc/arm-none-eabi/4.8.4/../../../../arm-none-eabi/lib/armv7-m/libcr_c.a(_ldexpl.o)
 .ARM.attributes
                0x000004c8       0x33 /usr/local/lpcxpresso_7.3.0_186/lpcxpresso/tools/bin/../lib/gcc/arm-none-eabi/4.8.4/../../../../arm-none-eabi/lib/armv7-m/libcr_c.a(_writebuf.o)
 .ARM.attributes
                0x000004fb       0x33 /usr/local/lpcxpresso_7.3.0_186/lpcxpresso/tools/bin/../lib/gcc/arm-none-eabi/4.8.4/../../../../arm-none-eabi/lib/armv7-m/libcr_c.a(alloc.o)
 .ARM.attributes
                0x0000052e       0x33 /usr/local/lpcxpresso_7.3.0_186/lpcxpresso/tools/bin/../lib/gcc/arm-none-eabi/4.8.4/../../../../arm-none-eabi/lib/armv7-m/libcr_c.a(errno.o)
 .ARM.attributes
                0x00000561       0x33 /usr/local/lpcxpresso_7.3.0_186/lpcxpresso/tools/bin/../lib/gcc/arm-none-eabi/4.8.4/../../../../arm-none-eabi/lib/armv7-m/libcr_c.a(fclose.o)
 .ARM.attributes
                0x00000594       0x33 /usr/local/lpcxpresso_7.3.0_186/lpcxpresso/tools/bin/../lib/gcc/arm-none-eabi/4.8.4/../../../../arm-none-eabi/lib/armv7-m/libcr_c.a(fflush.o)
 .ARM.attributes
                0x000005c7       0x33 /usr/local/lpcxpresso_7.3.0_186/lpcxpresso/tools/bin/../lib/gcc/arm-none-eabi/4.8.4/../../../../arm-none-eabi/lib/armv7-m/libcr_c.a(fseek.o)
 .ARM.attributes
                0x000005fa       0x33 /usr/local/lpcxpresso_7.3.0_186/lpcxpresso/tools/bin/../lib/gcc/arm-none-eabi/4.8.4/../../../../arm-none-eabi/lib/armv7-m/libcr_c.a(ftell.o)
 .ARM.attributes
                0x0000062d       0x33 /usr/local/lpcxpresso_7.3.0_186/lpcxpresso/tools/bin/../lib/gcc/arm-none-eabi/4.8.4/../../../../arm-none-eabi/lib/armv7-m/libcr_c.a(remove.o)
 .ARM.attributes
                0x00000660       0x33 /usr/local/lpcxpresso_7.3.0_186/lpcxpresso/tools/bin/../lib/gcc/arm-none-eabi/4.8.4/../../../../arm-none-eabi/lib/armv7-m/libcr_c.a(__init_alloc.o)
 .ARM.attributes
                0x00000693       0x33 /usr/local/lpcxpresso_7.3.0_186/lpcxpresso/tools/bin/../lib/gcc/arm-none-eabi/4.8.4/../../../../arm-none-eabi/lib/armv7-m/libcr_c.a(_cr_sbrk.o)
 .ARM.attributes
                0x000006c6       0x33 /usr/local/lpcxpresso_7.3.0_186/lpcxpresso/tools/bin/../lib/gcc/arm-none-eabi/4.8.4/../../../../arm-none-eabi/lib/armv7-m/libcr_c.a(_do_fflush.o)
 .ARM.attributes
                0x000006f9       0x33 /usr/local/lpcxpresso_7.3.0_186/lpcxpresso/tools/bin/../lib/gcc/arm-none-eabi/4.8.4/../../../../arm-none-eabi/lib/armv7-m/libcr_c.a(_hugeval.o)
 .ARM.attributes
                0x0000072c       0x33 /usr/local/lpcxpresso_7.3.0_186/lpcxpresso/tools/bin/../lib/gcc/arm-none-eabi/4.8.4/../../../../arm-none-eabi/lib/armv7-m/libcr_c.a(_cr_check_heap.o)
 .ARM.attributes
                0x0000075f       0x33 /usr/local/lpcxpresso_7.3.0_186/lpcxpresso/tools/bin/../lib/gcc/arm-none-eabi/4.8.4/armv7-m/libcr_eabihelpers.a(double.o)
 .ARM.attributes
                0x00000792       0x21 /usr/local/lpcxpresso_7.3.0_186/lpcxpresso/tools/bin/../lib/gcc/arm-none-eabi/4.8.4/armv7-m/libcr_eabihelpers.a(memcpy.o)
 .ARM.attributes
                0x000007b3       0x33 /usr/local/lpcxpresso_7.3.0_186/lpcxpresso/tools/bin/../lib/gcc/arm-none-eabi/4.8.4/../../../../arm-none-eabi/lib/armv7-m/libcr_nohost.a(__sys_appexit.o)
 .ARM.attributes
                0x000007e6       0x33 /usr/local/lpcxpresso_7.3.0_186/lpcxpresso/tools/bin/../lib/gcc/arm-none-eabi/4.8.4/../../../../arm-none-eabi/lib/armv7-m/libcr_nohost.a(__sys_close.o)
 .ARM.attributes
                0x00000819       0x33 /usr/local/lpcxpresso_7.3.0_186/lpcxpresso/tools/bin/../lib/gcc/arm-none-eabi/4.8.4/../../../../arm-none-eabi/lib/armv7-m/libcr_nohost.a(__sys_flen.o)
 .ARM.attributes
                0x0000084c       0x33 /usr/local/lpcxpresso_7.3.0_186/lpcxpresso/tools/bin/../lib/gcc/arm-none-eabi/4.8.4/../../../../arm-none-eabi/lib/armv7-m/libcr_nohost.a(__sys_istty.o)
 .ARM.attributes
                0x0000087f       0x33 /usr/local/lpcxpresso_7.3.0_186/lpcxpresso/tools/bin/../lib/gcc/arm-none-eabi/4.8.4/../../../../arm-none-eabi/lib/armv7-m/libcr_nohost.a(__sys_remove.o)
 .ARM.attributes
                0x000008b2       0x33 /usr/local/lpcxpresso_7.3.0_186/lpcxpresso/tools/bin/../lib/gcc/arm-none-eabi/4.8.4/../../../../arm-none-eabi/lib/armv7-m/libcr_nohost.a(__sys_seek.o)
 .ARM.attributes
                0x000008e5       0x33 /usr/local/lpcxpresso_7.3.0_186/lpcxpresso/tools/bin/../lib/gcc/arm-none-eabi/4.8.4/../../../../arm-none-eabi/lib/armv7-m/libcr_nohost.a(__sys_tmpnam.o)

.debug_frame    0x00000000      0xe0c
 .debug_frame   0x00000000       0x80 ./can_sniffer/src/can.o
 .debug_frame   0x00000080       0xf4 ./can_sniffer/src/cr_startup_lpc175x_6x.o
 .debug_frame   0x00000174       0x28 ./can_sniffer/src/sysinit.o
 .debug_frame   0x0000019c      0x230 /home/hernan/repo_github/CAN_LPC1769/LPC-CAN/lpc_board_nxp_lpcxpresso_1769/Debug/liblpc_board_nxp_lpcxpresso_1769.a(board.o)
 .debug_frame   0x000003cc       0x58 /home/hernan/repo_github/CAN_LPC1769/LPC-CAN/lpc_board_nxp_lpcxpresso_1769/Debug/liblpc_board_nxp_lpcxpresso_1769.a(board_sysinit.o)
 .debug_frame   0x00000424      0x520 /home/hernan/repo_github/CAN_LPC1769/LPC-CAN/lpc_chip_175x_6x/Debug/liblpc_chip_175x_6x.a(can_17xx_40xx.o)
 .debug_frame   0x00000944       0x40 /home/hernan/repo_github/CAN_LPC1769/LPC-CAN/lpc_chip_175x_6x/Debug/liblpc_chip_175x_6x.a(chip_17xx_40xx.o)
 .debug_frame   0x00000984      0x1c8 /home/hernan/repo_github/CAN_LPC1769/LPC-CAN/lpc_chip_175x_6x/Debug/liblpc_chip_175x_6x.a(clock_17xx_40xx.o)
 .debug_frame   0x00000b4c       0x68 /home/hernan/repo_github/CAN_LPC1769/LPC-CAN/lpc_chip_175x_6x/Debug/liblpc_chip_175x_6x.a(iocon_17xx_40xx.o)
 .debug_frame   0x00000bb4       0x58 /home/hernan/repo_github/CAN_LPC1769/LPC-CAN/lpc_chip_175x_6x/Debug/liblpc_chip_175x_6x.a(sysinit_17xx_40xx.o)
 .debug_frame   0x00000c0c      0x200 /home/hernan/repo_github/CAN_LPC1769/LPC-CAN/lpc_chip_175x_6x/Debug/liblpc_chip_175x_6x.a(uart_17xx_40xx.o)
