Archive member included because of file (symbol)

/home/hernan/repo-git/CAN_LPC1769/LPC-CAN/lpc_board_nxp_lpcxpresso_1769/Debug/liblpc_board_nxp_lpcxpresso_1769.a(board.o)
                              ./can_sniffer/src/can.o (Board_LED_Toggle)
/home/hernan/repo-git/CAN_LPC1769/LPC-CAN/lpc_board_nxp_lpcxpresso_1769/Debug/liblpc_board_nxp_lpcxpresso_1769.a(board_sysinit.o)
                              ./can_sniffer/src/sysinit.o (Board_SystemInit)
/home/hernan/repo-git/CAN_LPC1769/LPC-CAN/lpc_chip_175x_6x/Debug/liblpc_chip_175x_6x.a(can_17xx_40xx.o)
                              ./can_sniffer/src/can.o (Chip_CAN_Receive)
/home/hernan/repo-git/CAN_LPC1769/LPC-CAN/lpc_chip_175x_6x/Debug/liblpc_chip_175x_6x.a(chip_17xx_40xx.o)
                              ./can_sniffer/src/can.o (SystemCoreClockUpdate)
/home/hernan/repo-git/CAN_LPC1769/LPC-CAN/lpc_chip_175x_6x/Debug/liblpc_chip_175x_6x.a(clock_17xx_40xx.o)
                              /home/hernan/repo-git/CAN_LPC1769/LPC-CAN/lpc_chip_175x_6x/Debug/liblpc_chip_175x_6x.a(chip_17xx_40xx.o) (Chip_Clock_EnablePLL)
/home/hernan/repo-git/CAN_LPC1769/LPC-CAN/lpc_chip_175x_6x/Debug/liblpc_chip_175x_6x.a(i2s_17xx_40xx.o)
                              /home/hernan/repo-git/CAN_LPC1769/LPC-CAN/lpc_board_nxp_lpcxpresso_1769/Debug/liblpc_board_nxp_lpcxpresso_1769.a(board.o) (Chip_I2S_Init)
/home/hernan/repo-git/CAN_LPC1769/LPC-CAN/lpc_chip_175x_6x/Debug/liblpc_chip_175x_6x.a(iocon_17xx_40xx.o)
                              /home/hernan/repo-git/CAN_LPC1769/LPC-CAN/lpc_board_nxp_lpcxpresso_1769/Debug/liblpc_board_nxp_lpcxpresso_1769.a(board.o) (Chip_IOCON_PinMux)
/home/hernan/repo-git/CAN_LPC1769/LPC-CAN/lpc_chip_175x_6x/Debug/liblpc_chip_175x_6x.a(sysinit_17xx_40xx.o)
                              /home/hernan/repo-git/CAN_LPC1769/LPC-CAN/lpc_board_nxp_lpcxpresso_1769/Debug/liblpc_board_nxp_lpcxpresso_1769.a(board_sysinit.o) (Chip_SetupXtalClocking)
/home/hernan/repo-git/CAN_LPC1769/LPC-CAN/lpc_chip_175x_6x/Debug/liblpc_chip_175x_6x.a(uart_17xx_40xx.o)
                              /home/hernan/repo-git/CAN_LPC1769/LPC-CAN/lpc_board_nxp_lpcxpresso_1769/Debug/liblpc_board_nxp_lpcxpresso_1769.a(board.o) (Chip_UART_TXEnable)
/home/hernan/repo-git/CAN_LPC1769/LPC-CAN/lpc_chip_175x_6x/Debug/liblpc_chip_175x_6x.a(ring_buffer.o)
                              /home/hernan/repo-git/CAN_LPC1769/LPC-CAN/lpc_chip_175x_6x/Debug/liblpc_chip_175x_6x.a(uart_17xx_40xx.o) (RingBuffer_Insert)
/usr/local/lpcxpresso_7.3.0_186/lpcxpresso/tools/bin/../lib/gcc/arm-none-eabi/4.8.4/../../../../arm-none-eabi/lib/armv7-m/libcr_nohost.a(_cr__main.o)
                              ./can_sniffer/src/cr_startup_lpc175x_6x.o (__main)
/usr/local/lpcxpresso_7.3.0_186/lpcxpresso/tools/bin/../lib/gcc/arm-none-eabi/4.8.4/../../../../arm-none-eabi/lib/armv7-m/libcr_c.a(memcpy.o)
                              /home/hernan/repo-git/CAN_LPC1769/LPC-CAN/lpc_board_nxp_lpcxpresso_1769/Debug/liblpc_board_nxp_lpcxpresso_1769.a(board.o) (memcpy)
/usr/local/lpcxpresso_7.3.0_186/lpcxpresso/tools/bin/../lib/gcc/arm-none-eabi/4.8.4/../../../../arm-none-eabi/lib/armv7-m/libcr_c.a(fpprintf.o)
                              ./can_sniffer/src/can.o (printf)
/usr/local/lpcxpresso_7.3.0_186/lpcxpresso/tools/bin/../lib/gcc/arm-none-eabi/4.8.4/../../../../arm-none-eabi/lib/armv7-m/libcr_c.a(initio.o)
                              /usr/local/lpcxpresso_7.3.0_186/lpcxpresso/tools/bin/../lib/gcc/arm-none-eabi/4.8.4/../../../../arm-none-eabi/lib/armv7-m/libcr_nohost.a(_cr__main.o) (_initio)
/usr/local/lpcxpresso_7.3.0_186/lpcxpresso/tools/bin/../lib/gcc/arm-none-eabi/4.8.4/../../../../arm-none-eabi/lib/armv7-m/libcr_c.a(printf.o)
                              /usr/local/lpcxpresso_7.3.0_186/lpcxpresso/tools/bin/../lib/gcc/arm-none-eabi/4.8.4/../../../../arm-none-eabi/lib/armv7-m/libcr_c.a(fpprintf.o) (__vfprintf)
/usr/local/lpcxpresso_7.3.0_186/lpcxpresso/tools/bin/../lib/gcc/arm-none-eabi/4.8.4/../../../../arm-none-eabi/lib/armv7-m/libcr_c.a(setvbuf.o)
                              /usr/local/lpcxpresso_7.3.0_186/lpcxpresso/tools/bin/../lib/gcc/arm-none-eabi/4.8.4/../../../../arm-none-eabi/lib/armv7-m/libcr_c.a(initio.o) (setvbuf)
/usr/local/lpcxpresso_7.3.0_186/lpcxpresso/tools/bin/../lib/gcc/arm-none-eabi/4.8.4/../../../../arm-none-eabi/lib/armv7-m/libcr_c.a(stdio.o)
                              /usr/local/lpcxpresso_7.3.0_186/lpcxpresso/tools/bin/../lib/gcc/arm-none-eabi/4.8.4/../../../../arm-none-eabi/lib/armv7-m/libcr_c.a(fpprintf.o) (__Ciob)
/usr/local/lpcxpresso_7.3.0_186/lpcxpresso/tools/bin/../lib/gcc/arm-none-eabi/4.8.4/../../../../arm-none-eabi/lib/armv7-m/libcr_c.a(strlen.o)
                              /usr/local/lpcxpresso_7.3.0_186/lpcxpresso/tools/bin/../lib/gcc/arm-none-eabi/4.8.4/../../../../arm-none-eabi/lib/armv7-m/libcr_c.a(printf.o) (strlen)
/usr/local/lpcxpresso_7.3.0_186/lpcxpresso/tools/bin/../lib/gcc/arm-none-eabi/4.8.4/../../../../arm-none-eabi/lib/armv7-m/libcr_c.a(memset.o)
[...]
Memory Configuration

Name             Origin             Length             Attributes
MFlash512        0x00000000         0x00080000         xr
RamLoc32         0x10000000         0x00008000         xrw
RamAHB32         0x2007c000         0x00008000         xrw
*default*        0x00000000         0xffffffff

Linker script and memory map

LOAD ./can_sniffer/src/can.o
LOAD ./can_sniffer/src/cr_startup_lpc175x_6x.o
LOAD ./can_sniffer/src/sysinit.o
LOAD /home/hernan/repo-git/CAN_LPC1769/LPC-CAN/lpc_board_nxp_lpcxpresso_1769/Debug/liblpc_board_nxp_lpcxpresso_1769.a
LOAD /home/hernan/repo-git/CAN_LPC1769/LPC-CAN/lpc_chip_175x_6x/Debug/liblpc_chip_175x_6x.a
START GROUP
LOAD /usr/local/lpcxpresso_7.3.0_186/lpcxpresso/tools/bin/../lib/gcc/arm-none-eabi/4.8.4/../../../../arm-none-eabi/lib/armv7-m/libcr_nohost.a
LOAD /usr/local/lpcxpresso_7.3.0_186/lpcxpresso/tools/bin/../lib/gcc/arm-none-eabi/4.8.4/../../../../arm-none-eabi/lib/armv7-m/libcr_c.a
LOAD /usr/local/lpcxpresso_7.3.0_186/lpcxpresso/tools/bin/../lib/gcc/arm-none-eabi/4.8.4/armv7-m/libcr_eabihelpers.a
END GROUP
                0x00080000                __top_MFlash512 = 0x80000
                0x10008000                __top_RamLoc32 = 0x10008000
                0x20084000                __top_RamAHB32 = 0x20084000

.text           0x00000000     0x3208
 FILL mask 0xff
                0x00000000                __vectors_start__ = ABSOLUTE (.)
 *(.isr_vector)
 .isr_vector    0x00000000       0xcc ./can_sniffer/src/cr_startup_lpc175x_6x.o
                0x00000000                g_pfnVectors
                0x000000cc                . = ALIGN (0x4)
                0x000000cc                __section_table_start = .
                0x000000cc                __data_section_table = .
                0x000000cc        0x4 LONG 0x3208 LOADADDR (.data)
                0x000000d0        0x4 LONG 0x10000000 ADDR (.data)
                0x000000d4        0x4 LONG 0x0 SIZEOF (.data)
                0x000000d8        0x4 LONG 0x3208 LOADADDR (.data_RAM2)
                0x000000dc        0x4 LONG 0x2007c000 ADDR (.data_RAM2)
                0x000000e0        0x4 LONG 0x0 SIZEOF (.data_RAM2)
                0x000000e4                __data_section_table_end = .
                0x000000e4                __bss_section_table = .
                0x000000e4        0x4 LONG 0x10000000 ADDR (.bss)
                0x000000e8        0x4 LONG 0x154 SIZEOF (.bss)
                0x000000ec        0x4 LONG 0x2007c000 ADDR (.bss_RAM2)
                0x000000f0        0x4 LONG 0x0 SIZEOF (.bss_RAM2)
                0x000000f4                __bss_section_table_end = .
                0x000000f4                __section_table_end = .
 *(.after_vectors*)
 .after_vectors
                0x000000f4       0xa4 ./can_sniffer/src/cr_startup_lpc175x_6x.o
                0x000000f4                NMI_Handler
                0x000000f8                HardFault_Handler
                0x000000fc                MemManage_Handler
                0x00000100                BusFault_Handler
                0x00000104                UsageFault_Handler
                0x00000108                SVC_Handler
                0x0000010c                DebugMon_Handler
                0x00000110                PendSV_Handler
                0x00000114                SysTick_Handler
                0x00000118                TIMER2_IRQHandler
                0x00000118                RIT_IRQHandler
                0x00000118                I2C0_IRQHandler
                0x00000118                USBActivity_IRQHandler
                0x00000118                PWM1_IRQHandler
                0x00000118                I2C1_IRQHandler
                0x00000118                EINT2_IRQHandler
                0x00000118                UART1_IRQHandler
                0x00000118                EINT3_IRQHandler
                0x00000118                CANActivity_IRQHandler
                0x00000118                TIMER3_IRQHandler
                0x00000118                UART0_IRQHandler
                0x00000118                IntDefaultHandler
                0x00000118                PLL0_IRQHandler
                0x00000118                PLL1_IRQHandler
                0x00000118                SSP0_IRQHandler
                0x00000118                I2S_IRQHandler
                0x00000118                I2C2_IRQHandler
                0x00000118                RTC_IRQHandler
                0x00000118                TIMER0_IRQHandler
                0x00000118                SPI_IRQHandler
                0x00000118                EINT1_IRQHandler
                0x00000118                TIMER1_IRQHandler
                0x00000118                UART2_IRQHandler
                0x00000118                ADC_IRQHandler
                0x00000118                SSP1_IRQHandler
                0x00000118                USB_IRQHandler
                0x00000118                BOD_IRQHandler
                0x00000118                WDT_IRQHandler
                0x00000118                QEI_IRQHandler
                0x00000118                EINT0_IRQHandler
                0x00000118                ETH_IRQHandler
                0x00000118                DMA_IRQHandler
                0x00000118                UART3_IRQHandler
                0x00000118                MCPWM_IRQHandler
                0x0000011c                data_init
                0x00000138                bss_init
                0x0000014c                ResetISR
 *(.text*)
 .text.PrintCANErrorInfo
                0x00000198       0x90 ./can_sniffer/src/can.o
 .text.PrintCANMsg
                0x00000228       0x4c ./can_sniffer/src/can.o
 .text.CAN_IRQHandler
                0x00000274       0x2c ./can_sniffer/src/can.o
                0x00000274                CAN_IRQHandler
 .text.main     0x000002a0       0x30 ./can_sniffer/src/can.o
                0x000002a0                main
 .text.SystemInit
                0x000002d0       0x18 ./can_sniffer/src/sysinit.o
                0x000002d0                SystemInit
 .text.Board_LED_Init
                0x000002e8       0x10 /home/hernan/repo-git/CAN_LPC1769/LPC-CAN/lpc_board_nxp_lpcxpresso_1769/Debug/liblpc_board_nxp_lpcxpresso_1769.a(board.o)
 .text.Board_LED_Set
                0x000002f8       0x20 /home/hernan/repo-git/CAN_LPC1769/LPC-CAN/lpc_board_nxp_lpcxpresso_1769/Debug/liblpc_board_nxp_lpcxpresso_1769.a(board.o)
                0x000002f8                Board_LED_Set
 .text.Board_LED_Test
                0x00000318       0x18 /home/hernan/repo-git/CAN_LPC1769/LPC-CAN/lpc_board_nxp_lpcxpresso_1769/Debug/liblpc_board_nxp_lpcxpresso_1769.a(board.o)
                0x00000318                Board_LED_Test
 .text.Board_LED_Toggle
                0x00000330       0x18 /home/hernan/repo-git/CAN_LPC1769/LPC-CAN/lpc_board_nxp_lpcxpresso_1769/Debug/liblpc_board_nxp_lpcxpresso_1769.a(board.o)
                0x00000330                Board_LED_Toggle
 .text.Board_Init
                0x00000348       0x14 /home/hernan/repo-git/CAN_LPC1769/LPC-CAN/lpc_board_nxp_lpcxpresso_1769/Debug/liblpc_board_nxp_lpcxpresso_1769.a(board.o)
                0x00000348                Board_Init
 .text.Board_SetupMuxing
                0x0000035c       0x18 /home/hernan/repo-git/CAN_LPC1769/LPC-CAN/lpc_board_nxp_lpcxpresso_1769/Debug/liblpc_board_nxp_lpcxpresso_1769.a(board_sysinit.o)
                0x0000035c                Board_SetupMuxing
 .text.Board_SetupClocking
                0x00000374       0x1c /home/hernan/repo-git/CAN_LPC1769/LPC-CAN/lpc_board_nxp_lpcxpresso_1769/Debug/liblpc_board_nxp_lpcxpresso_1769.a(board_sysinit.o)
                0x00000374                Board_SetupClocking
 .text.Board_SystemInit
                0x00000390        0xc /home/hernan/repo-git/CAN_LPC1769/LPC-CAN/lpc_board_nxp_lpcxpresso_1769/Debug/liblpc_board_nxp_lpcxpresso_1769.a(board_sysinit.o)
                0x00000390                Board_SystemInit
 .text.Chip_CAN_Receive
                0x0000039c       0xac /home/hernan/repo-git/CAN_LPC1769/LPC-CAN/lpc_chip_175x_6x/Debug/liblpc_chip_175x_6x.a(can_17xx_40xx.o)
                0x0000039c                Chip_CAN_Receive
 .text.SystemCoreClockUpdate
                0x00000448       0x10 /home/hernan/repo-git/CAN_LPC1769/LPC-CAN/lpc_chip_175x_6x/Debug/liblpc_chip_175x_6x.a(chip_17xx_40xx.o)
                0x00000448                SystemCoreClockUpdate
 .text.Chip_Clock_EnablePLL
                0x00000458       0x28 /home/hernan/repo-git/CAN_LPC1769/LPC-CAN/lpc_chip_175x_6x/Debug/liblpc_chip_175x_6x.a(clock_17xx_40xx.o)
                0x00000458                Chip_Clock_EnablePLL
 .text.Chip_Clock_DisablePLL
                0x00000480       0x2c /home/hernan/repo-git/CAN_LPC1769/LPC-CAN/lpc_chip_175x_6x/Debug/liblpc_chip_175x_6x.a(clock_17xx_40xx.o)
                0x00000480                Chip_Clock_DisablePLL
 .text.Chip_Clock_SetupPLL
                0x000004ac       0x38 /home/hernan/repo-git/CAN_LPC1769/LPC-CAN/lpc_chip_175x_6x/Debug/liblpc_chip_175x_6x.a(clock_17xx_40xx.o)
                0x000004ac                Chip_Clock_SetupPLL
 .text.Chip_Clock_EnablePeriphClock
                0x000004e4       0x18 /home/hernan/repo-git/CAN_LPC1769/LPC-CAN/lpc_chip_175x_6x/Debug/liblpc_chip_175x_6x.a(clock_17xx_40xx.o)
                0x000004e4                Chip_Clock_EnablePeriphClock
 .text.Chip_Clock_GetCPUClockSource
                0x000004fc       0x18 /home/hernan/repo-git/CAN_LPC1769/LPC-CAN/lpc_chip_175x_6x/Debug/liblpc_chip_175x_6x.a(clock_17xx_40xx.o)
                0x000004fc                Chip_Clock_GetCPUClockSource
 .text.Chip_Clock_SetCPUClockDiv
                0x00000514        0xc /home/hernan/repo-git/CAN_LPC1769/LPC-CAN/lpc_chip_175x_6x/Debug/liblpc_chip_175x_6x.a(clock_17xx_40xx.o)
                0x00000514                Chip_Clock_SetCPUClockDiv
 .text.Chip_Clock_GetCPUClockDiv
                0x00000520       0x10 /home/hernan/repo-git/CAN_LPC1769/LPC-CAN/lpc_chip_175x_6x/Debug/liblpc_chip_175x_6x.a(clock_17xx_40xx.o)
                0x00000520                Chip_Clock_GetCPUClockDiv
 .text.Chip_Clock_GetSYSCLKRate
                0x00000530       0x3c /home/hernan/repo-git/CAN_LPC1769/LPC-CAN/lpc_chip_175x_6x/Debug/liblpc_chip_175x_6x.a(clock_17xx_40xx.o)
                0x00000530                Chip_Clock_GetSYSCLKRate
 .text.Chip_Clock_GetMainPLLOutClockRate
                0x0000056c       0x3c /home/hernan/repo-git/CAN_LPC1769/LPC-CAN/lpc_chip_175x_6x/Debug/liblpc_chip_175x_6x.a(clock_17xx_40xx.o)
                0x0000056c                Chip_Clock_GetMainPLLOutClockRate
 .text.Chip_Clock_GetMainClockRate
                0x000005a8       0x1c /home/hernan/repo-git/CAN_LPC1769/LPC-CAN/lpc_chip_175x_6x/Debug/liblpc_chip_175x_6x.a(clock_17xx_40xx.o)
                0x000005a8                Chip_Clock_GetMainClockRate
 .text.Chip_Clock_GetSystemClockRate
                0x000005c4       0x14 /home/hernan/repo-git/CAN_LPC1769/LPC-CAN/lpc_chip_175x_6x/Debug/liblpc_chip_175x_6x.a(clock_17xx_40xx.o)
                0x000005c4                Chip_Clock_GetSystemClockRate
 .text.Chip_IOCON_PinMux
                0x000005d8       0x3c /home/hernan/repo-git/CAN_LPC1769/LPC-CAN/lpc_chip_175x_6x/Debug/liblpc_chip_175x_6x.a(iocon_17xx_40xx.o)
                0x000005d8                Chip_IOCON_PinMux
 .text.Chip_IOCON_PinMuxSet
                0x00000614       0x14 /home/hernan/repo-git/CAN_LPC1769/LPC-CAN/lpc_chip_175x_6x/Debug/liblpc_chip_175x_6x.a(iocon_17xx_40xx.o)
                0x00000614                Chip_IOCON_PinMuxSet
 .text.Chip_IOCON_SetPinMuxing
                0x00000628       0x30 /home/hernan/repo-git/CAN_LPC1769/LPC-CAN/lpc_chip_175x_6x/Debug/liblpc_chip_175x_6x.a(iocon_17xx_40xx.o)
                0x00000628                Chip_IOCON_SetPinMuxing
 .text.Chip_SetupXtalClocking
                0x00000658       0x90 /home/hernan/repo-git/CAN_LPC1769/LPC-CAN/lpc_chip_175x_6x/Debug/liblpc_chip_175x_6x.a(sysinit_17xx_40xx.o)
                0x00000658                Chip_SetupXtalClocking
 .text.__main   0x000006e8       0x14 /usr/local/lpcxpresso_7.3.0_186/lpcxpresso/tools/bin/../lib/gcc/arm-none-eabi/4.8.4/../../../../arm-none-eabi/lib/armv7-m/libcr_nohost.a(_cr__main.o)
                0x000006e8                __main
 .text.fp_round
                0x000006fc       0x4e /usr/local/lpcxpresso_7.3.0_186/lpcxpresso/tools/bin/../lib/gcc/arm-none-eabi/4.8.4/../../../../arm-none-eabi/lib/armv7-m/libcr_c.a(fpprintf.o)
 .text.pr_dec.constprop.1
                0x0000074a       0x26 /usr/local/lpcxpresso_7.3.0_186/lpcxpresso/tools/bin/../lib/gcc/arm-none-eabi/4.8.4/../../../../arm-none-eabi/lib/armv7-m/libcr_c.a(fpprintf.o)
 .text.sprintf  0x00000770       0x6c /usr/local/lpcxpresso_7.3.0_186/lpcxpresso/tools/bin/../lib/gcc/arm-none-eabi/4.8.4/../../../../arm-none-eabi/lib/armv7-m/libcr_c.a(fpprintf.o)
                0x00000770                sprintf
 *fill*         0x000007dc        0x4 
 .text.fp_display
                0x000007e0      0x998 /usr/local/lpcxpresso_7.3.0_186/lpcxpresso/tools/bin/../lib/gcc/arm-none-eabi/4.8.4/../../../../arm-none-eabi/lib/armv7-m/libcr_c.a(fpprintf.o)
 .text.vsnprintf
                0x00001178       0x5c /usr/local/lpcxpresso_7.3.0_186/lpcxpresso/tools/bin/../lib/gcc/arm-none-eabi/4.8.4/../../../../arm-none-eabi/lib/armv7-m/libcr_c.a(fpprintf.o)
                0x00001178                vsnprintf
 .text.printf   0x000011d4       0x54 /usr/local/lpcxpresso_7.3.0_186/lpcxpresso/tools/bin/../lib/gcc/arm-none-eabi/4.8.4/../../../../arm-none-eabi/lib/armv7-m/libcr_c.a(fpprintf.o)
                0x000011d4                printf
 .text._initio  0x00001228       0xa4 /usr/local/lpcxpresso_7.3.0_186/lpcxpresso/tools/bin/../lib/gcc/arm-none-eabi/4.8.4/../../../../arm-none-eabi/lib/armv7-m/libcr_c.a(initio.o)
                0x00001228                _initio
 .text.__vfprintf
                0x000012cc      0xca0 /usr/local/lpcxpresso_7.3.0_186/lpcxpresso/tools/bin/../lib/gcc/arm-none-eabi/4.8.4/../../../../arm-none-eabi/lib/armv7-m/libcr_c.a(printf.o)
                0x000012cc                __vfprintf
 .text.setvbuf  0x00001f6c       0x40 /usr/local/lpcxpresso_7.3.0_186/lpcxpresso/tools/bin/../lib/gcc/arm-none-eabi/4.8.4/../../../../arm-none-eabi/lib/armv7-m/libcr_c.a(setvbuf.o)
                0x00001f6c                setvbuf
 .text.strlen   0x00001fac       0x4a /usr/local/lpcxpresso_7.3.0_186/lpcxpresso/tools/bin/../lib/gcc/arm-none-eabi/4.8.4/../../../../arm-none-eabi/lib/armv7-m/libcr_c.a(strlen.o)
                0x00001fac                strlen
 .text.memset   0x00001ff6        0x4 /usr/local/lpcxpresso_7.3.0_186/lpcxpresso/tools/bin/../lib/gcc/arm-none-eabi/4.8.4/../../../../arm-none-eabi/lib/armv7-m/libcr_c.a(memset.o)
                0x00001ff6                memset
 .text._deferredlazyseek
                0x00001ffa       0x44 /usr/local/lpcxpresso_7.3.0_186/lpcxpresso/tools/bin/../lib/gcc/arm-none-eabi/4.8.4/../../../../arm-none-eabi/lib/armv7-m/libcr_c.a(_deferredlazyseek.o)
                0x00001ffa                _deferredlazyseek
 .text.__flsbuf
                0x0000203e      0x142 /usr/local/lpcxpresso_7.3.0_186/lpcxpresso/tools/bin/../lib/gcc/arm-none-eabi/4.8.4/../../../../arm-none-eabi/lib/armv7-m/libcr_c.a(_deferredlazyseek.o)
                0x0000203e                __flsbuf
 .text._fdopen  0x00002180       0x6a /usr/local/lpcxpresso_7.3.0_186/lpcxpresso/tools/bin/../lib/gcc/arm-none-eabi/4.8.4/../../../../arm-none-eabi/lib/armv7-m/libcr_c.a(_fdopen.o)
                0x00002180                _fdopen
 .text._fflush  0x000021ea       0x58 /usr/local/lpcxpresso_7.3.0_186/lpcxpresso/tools/bin/../lib/gcc/arm-none-eabi/4.8.4/../../../../arm-none-eabi/lib/armv7-m/libcr_c.a(_fflush.o)
                0x000021ea                _fflush
 .text._frexpl  0x00002242       0x5c /usr/local/lpcxpresso_7.3.0_186/lpcxpresso/tools/bin/../lib/gcc/arm-none-eabi/4.8.4/../../../../arm-none-eabi/lib/armv7-m/libcr_c.a(_frexpl.o)
                0x00002242                _frexpl
 *fill*         0x0000229e        0x2 
 .text._ldexpl  0x000022a0       0x4c /usr/local/lpcxpresso_7.3.0_186/lpcxpresso/tools/bin/../lib/gcc/arm-none-eabi/4.8.4/../../../../arm-none-eabi/lib/armv7-m/libcr_c.a(_ldexpl.o)
                0x000022a0                _ldexpl
 .text._Cwritebuf
                0x000022ec       0x70 /usr/local/lpcxpresso_7.3.0_186/lpcxpresso/tools/bin/../lib/gcc/arm-none-eabi/4.8.4/../../../../arm-none-eabi/lib/armv7-m/libcr_c.a(_writebuf.o)
                0x000022ec                _Cwritebuf
 .text.malloc   0x0000235c       0xc4 /usr/local/lpcxpresso_7.3.0_186/lpcxpresso/tools/bin/../lib/gcc/arm-none-eabi/4.8.4/../../../../arm-none-eabi/lib/armv7-m/libcr_c.a(alloc.o)
                0x0000235c                malloc
 .text.free     0x00002420        0xc /usr/local/lpcxpresso_7.3.0_186/lpcxpresso/tools/bin/../lib/gcc/arm-none-eabi/4.8.4/../../../../arm-none-eabi/lib/armv7-m/libcr_c.a(alloc.o)
                0x00002420                free
 .text._Csys_alloc
                0x0000242c       0x20 /usr/local/lpcxpresso_7.3.0_186/lpcxpresso/tools/bin/../lib/gcc/arm-none-eabi/4.8.4/../../../../arm-none-eabi/lib/armv7-m/libcr_c.a(alloc.o)
                0x0000242c                _Csys_alloc
 .text.fclose   0x0000244c       0x6c /usr/local/lpcxpresso_7.3.0_186/lpcxpresso/tools/bin/../lib/gcc/arm-none-eabi/4.8.4/../../../../arm-none-eabi/lib/armv7-m/libcr_c.a(fclose.o)
                0x0000244c                fclose
 .text.fflush   0x000024b8       0x30 /usr/local/lpcxpresso_7.3.0_186/lpcxpresso/tools/bin/../lib/gcc/arm-none-eabi/4.8.4/../../../../arm-none-eabi/lib/armv7-m/libcr_c.a(fflush.o)
                0x000024b8                fflush
 .text.fseek    0x000024e8      0x10c /usr/local/lpcxpresso_7.3.0_186/lpcxpresso/tools/bin/../lib/gcc/arm-none-eabi/4.8.4/../../../../arm-none-eabi/lib/armv7-m/libcr_c.a(fseek.o)
                0x000024e8                fseek
 .text.ftell    0x000025f4       0x4c /usr/local/lpcxpresso_7.3.0_186/lpcxpresso/tools/bin/../lib/gcc/arm-none-eabi/4.8.4/../../../../arm-none-eabi/lib/armv7-m/libcr_c.a(ftell.o)
                0x000025f4                ftell
 .text.remove   0x00002640       0x14 /usr/local/lpcxpresso_7.3.0_186/lpcxpresso/tools/bin/../lib/gcc/arm-none-eabi/4.8.4/../../../../arm-none-eabi/lib/armv7-m/libcr_c.a(remove.o)
                0x00002640                remove
 .text._sbrk    0x00002654       0x40 /usr/local/lpcxpresso_7.3.0_186/lpcxpresso/tools/bin/../lib/gcc/arm-none-eabi/4.8.4/../../../../arm-none-eabi/lib/armv7-m/libcr_c.a(_cr_sbrk.o)
                0x00002654                _sbrk
 .text._do_fflush
                0x00002694       0x44 /usr/local/lpcxpresso_7.3.0_186/lpcxpresso/tools/bin/../lib/gcc/arm-none-eabi/4.8.4/../../../../arm-none-eabi/lib/armv7-m/libcr_c.a(_do_fflush.o)
                0x00002694                _do_fflush
 .text.__check_heap_overflow
                0x000026d8       0x18 /usr/local/lpcxpresso_7.3.0_186/lpcxpresso/tools/bin/../lib/gcc/arm-none-eabi/4.8.4/../../../../arm-none-eabi/lib/armv7-m/libcr_c.a(_cr_check_heap.o)
                0x000026d8                __check_heap_overflow
 .text.__aeabi_dmul
                0x000026f0      0x12c /usr/local/lpcxpresso_7.3.0_186/lpcxpresso/tools/bin/../lib/gcc/arm-none-eabi/4.8.4/armv7-m/libcr_eabihelpers.a(double.o)
                0x000026f0                __aeabi_dmul
 .text.__aeabi_ddiv
                0x0000281c      0x16c /usr/local/lpcxpresso_7.3.0_186/lpcxpresso/tools/bin/../lib/gcc/arm-none-eabi/4.8.4/armv7-m/libcr_eabihelpers.a(double.o)
                0x0000281c                __aeabi_ddiv
 .text.__aeabi_dsub
                0x00002988      0x228 /usr/local/lpcxpresso_7.3.0_186/lpcxpresso/tools/bin/../lib/gcc/arm-none-eabi/4.8.4/armv7-m/libcr_eabihelpers.a(double.o)
                0x00002988                __aeabi_dsub
 .text.__aeabi_dadd
                0x00002bb0      0x178 /usr/local/lpcxpresso_7.3.0_186/lpcxpresso/tools/bin/../lib/gcc/arm-none-eabi/4.8.4/armv7-m/libcr_eabihelpers.a(double.o)
                0x00002bb0                __aeabi_dadd
 .text.__aeabi_d2iz
                0x00002d28       0x4c /usr/local/lpcxpresso_7.3.0_186/lpcxpresso/tools/bin/../lib/gcc/arm-none-eabi/4.8.4/armv7-m/libcr_eabihelpers.a(double.o)
                0x00002d28                __aeabi_d2iz
 .text.__bhs_ui2d
                0x00002d74       0x48 /usr/local/lpcxpresso_7.3.0_186/lpcxpresso/tools/bin/../lib/gcc/arm-none-eabi/4.8.4/armv7-m/libcr_eabihelpers.a(double.o)
                0x00002d74                __bhs_ui2d
 .text.__aeabi_i2d
                0x00002dbc       0x10 /usr/local/lpcxpresso_7.3.0_186/lpcxpresso/tools/bin/../lib/gcc/arm-none-eabi/4.8.4/armv7-m/libcr_eabihelpers.a(double.o)
                0x00002dbc                __aeabi_i2d
 .text.__aeabi_dcmpeq
                0x00002dcc       0x40 /usr/local/lpcxpresso_7.3.0_186/lpcxpresso/tools/bin/../lib/gcc/arm-none-eabi/4.8.4/armv7-m/libcr_eabihelpers.a(double.o)
                0x00002dcc                __aeabi_dcmpeq
 .text.__aeabi_dcmplt
                0x00002e0c       0x70 /usr/local/lpcxpresso_7.3.0_186/lpcxpresso/tools/bin/../lib/gcc/arm-none-eabi/4.8.4/armv7-m/libcr_eabihelpers.a(double.o)
                0x00002e0c                __aeabi_dcmplt
 .text.__aeabi_dcmple
                0x00002e7c       0x68 /usr/local/lpcxpresso_7.3.0_186/lpcxpresso/tools/bin/../lib/gcc/arm-none-eabi/4.8.4/armv7-m/libcr_eabihelpers.a(double.o)
                0x00002e7c                __aeabi_dcmple
 .text.__aeabi_dcmpge
                0x00002ee4       0x64 /usr/local/lpcxpresso_7.3.0_186/lpcxpresso/tools/bin/../lib/gcc/arm-none-eabi/4.8.4/armv7-m/libcr_eabihelpers.a(double.o)
                0x00002ee4                __aeabi_dcmpge
 .text.__aeabi_memset_lowlevel
                0x00002f48       0x2c /usr/local/lpcxpresso_7.3.0_186/lpcxpresso/tools/bin/../lib/gcc/arm-none-eabi/4.8.4/armv7-m/libcr_eabihelpers.a(memcpy.o)
                0x00002f48                __aeabi_lowlevel_memset
 .text.__sys_appexit
                0x00002f74        0x2 /usr/local/lpcxpresso_7.3.0_186/lpcxpresso/tools/bin/../lib/gcc/arm-none-eabi/4.8.4/../../../../arm-none-eabi/lib/armv7-m/libcr_nohost.a(__sys_appexit.o)
                0x00002f74                __exit
                0x00002f74                __sys_appexit
 .text.__sys_close
                0x00002f76        0x6 /usr/local/lpcxpresso_7.3.0_186/lpcxpresso/tools/bin/../lib/gcc/arm-none-eabi/4.8.4/../../../../arm-none-eabi/lib/armv7-m/libcr_nohost.a(__sys_close.o)
                0x00002f76                __sys_close
 .text.__sys_flen
                0x00002f7c        0x6 /usr/local/lpcxpresso_7.3.0_186/lpcxpresso/tools/bin/../lib/gcc/arm-none-eabi/4.8.4/../../../../arm-none-eabi/lib/armv7-m/libcr_nohost.a(__sys_flen.o)
                0x00002f7c                __sys_flen
 .text.__sys_istty
                0x00002f82        0x6 /usr/local/lpcxpresso_7.3.0_186/lpcxpresso/tools/bin/../lib/gcc/arm-none-eabi/4.8.4/../../../../arm-none-eabi/lib/armv7-m/libcr_nohost.a(__sys_istty.o)
                0x00002f82                __sys_istty
 .text.__sys_remove
                0x00002f88        0x6 /usr/local/lpcxpresso_7.3.0_186/lpcxpresso/tools/bin/../lib/gcc/arm-none-eabi/4.8.4/../../../../arm-none-eabi/lib/armv7-m/libcr_nohost.a(__sys_remove.o)
                0x00002f88                __sys_remove
 .text.__sys_seek
                0x00002f8e        0x6 /usr/local/lpcxpresso_7.3.0_186/lpcxpresso/tools/bin/../lib/gcc/arm-none-eabi/4.8.4/../../../../arm-none-eabi/lib/armv7-m/libcr_nohost.a(__sys_seek.o)
                0x00002f8e                __sys_seek
 .text.__sys_tmpnam
                0x00002f94        0x6 /usr/local/lpcxpresso_7.3.0_186/lpcxpresso/tools/bin/../lib/gcc/arm-none-eabi/4.8.4/../../../../arm-none-eabi/lib/armv7-m/libcr_nohost.a(__sys_tmpnam.o)
                0x00002f94                __sys_tmpnam
 .text.__sys_write
                0x00002f9a        0x4 /usr/local/lpcxpresso_7.3.0_186/lpcxpresso/tools/bin/../lib/gcc/arm-none-eabi/4.8.4/../../../../arm-none-eabi/lib/armv7-m/libcr_nohost.a(__sys_write.o)
                0x00002f9a                __write
                0x00002f9a                __sys_write
 *(.rodata .rodata.* .constdata .constdata.*)
 *fill*         0x00002f9e        0x2 
 .rodata.str1.4
                0x00002fa0      0x178 ./can_sniffer/src/can.o
 .rodata.RTCOscRateIn
                0x00003118        0x4 /home/hernan/repo-git/CAN_LPC1769/LPC-CAN/lpc_board_nxp_lpcxpresso_1769/Debug/liblpc_board_nxp_lpcxpresso_1769.a(board.o)
                0x00003118                RTCOscRateIn
 .rodata.OscRateIn
                0x0000311c        0x4 /home/hernan/repo-git/CAN_LPC1769/LPC-CAN/lpc_board_nxp_lpcxpresso_1769/Debug/liblpc_board_nxp_lpcxpresso_1769.a(board.o)
                0x0000311c                OscRateIn
 .rodata.pinmuxing
                0x00003120       0x5c /home/hernan/repo-git/CAN_LPC1769/LPC-CAN/lpc_board_nxp_lpcxpresso_1769/Debug/liblpc_board_nxp_lpcxpresso_1769.a(board_sysinit.o)
 .rodata.str1.1
                0x0000317c       0x34 /usr/local/lpcxpresso_7.3.0_186/lpcxpresso/tools/bin/../lib/gcc/arm-none-eabi/4.8.4/../../../../arm-none-eabi/lib/armv7-m/libcr_c.a(fpprintf.o)
                                 0x35 (size before relaxing)
 .rodata.str1.1
                0x000031b0        0x4 /usr/local/lpcxpresso_7.3.0_186/lpcxpresso/tools/bin/../lib/gcc/arm-none-eabi/4.8.4/../../../../arm-none-eabi/lib/armv7-m/libcr_c.a(initio.o)
 .rodata.str1.1
                0x000031b4       0x31 /usr/local/lpcxpresso_7.3.0_186/lpcxpresso/tools/bin/../lib/gcc/arm-none-eabi/4.8.4/../../../../arm-none-eabi/lib/armv7-m/libcr_c.a(printf.o)
                                 0x38 (size before relaxing)
 .rodata.str1.1
                0x000031e5       0x18 /usr/local/lpcxpresso_7.3.0_186/lpcxpresso/tools/bin/../lib/gcc/arm-none-eabi/4.8.4/../../../../arm-none-eabi/lib/armv7-m/libcr_c.a(alloc.o)
 *fill*         0x000031fd        0x3 
 .rodata.__huge_vall
                0x00003200        0x8 /usr/local/lpcxpresso_7.3.0_186/lpcxpresso/tools/bin/../lib/gcc/arm-none-eabi/4.8.4/../../../../arm-none-eabi/lib/armv7-m/libcr_c.a(_hugeval.o)
                0x00003200                __huge_vall
                0x00003208                . = ALIGN (0x4)

.glue_7         0x00003208        0x0
 .glue_7        0x00000000        0x0 linker stubs

.glue_7t        0x00003208        0x0
 .glue_7t       0x00000000        0x0 linker stubs

.vfp11_veneer   0x00003208        0x0
 .vfp11_veneer  0x00000000        0x0 linker stubs

.v4_bx          0x00003208        0x0
 .v4_bx         0x00000000        0x0 linker stubs

.iplt           0x00003208        0x0
 .iplt          0x00000000        0x0 ./can_sniffer/src/can.o

.rel.dyn        0x00003208        0x0
 .rel.iplt      0x00000000        0x0 ./can_sniffer/src/can.o

.ARM.extab
 *(.ARM.extab* .gnu.linkonce.armextab.*)
                0x00003208                __exidx_start = .

.ARM.exidx
 *(.ARM.exidx* .gnu.linkonce.armexidx.*)
                0x00003208                __exidx_end = .
                0x00003208                _etext = .

.data_RAM2      0x2007c000        0x0 load address 0x00003208
 FILL mask 0xff
 *(.ramfunc.$RAM2)
 *(.ramfunc.$RamAHB32)
 *(.data.$RAM2*)
 *(.data.$RamAHB32*)
                0x2007c000                . = ALIGN (0x4)

.uninit_RESERVED
                0x10000000        0x0
 *(.bss.$RESERVED*)
                0x10000000                . = ALIGN (0x4)
                0x10000000                _end_uninit_RESERVED = .

.data           0x10000000        0x0 load address 0x00003208
 FILL mask 0xff
                0x10000000                _data = .
 *(vtable)
 *(.ramfunc*)
 *(.data*)
                0x10000000                . = ALIGN (0x4)
                0x10000000                _edata = .

.igot.plt       0x10000000        0x0 load address 0x00003208
 .igot.plt      0x00000000        0x0 ./can_sniffer/src/can.o

.bss_RAM2       0x2007c000        0x0
 *(.bss.$RAM2*)
 *(.bss.$RamAHB32*)
                0x2007c000                . = ALIGN (0x4)

.bss            0x10000000      0x154
                0x10000000                _bss = .
 *(.bss*)
 .bss.errno     0x10000000        0x4 /usr/local/lpcxpresso_7.3.0_186/lpcxpresso/tools/bin/../lib/gcc/arm-none-eabi/4.8.4/../../../../arm-none-eabi/lib/armv7-m/libcr_c.a(errno.o)
                0x10000000                errno
 *(COMMON)
 COMMON         0x10000004        0x4 /home/hernan/repo-git/CAN_LPC1769/LPC-CAN/lpc_chip_175x_6x/Debug/liblpc_chip_175x_6x.a(chip_17xx_40xx.o)
                0x10000004                SystemCoreClock
 COMMON         0x10000008        0x4 /usr/local/lpcxpresso_7.3.0_186/lpcxpresso/tools/bin/../lib/gcc/arm-none-eabi/4.8.4/../../../../arm-none-eabi/lib/armv7-m/libcr_c.a(initio.o)
                0x10000008                _extra
 COMMON         0x1000000c      0x140 /usr/local/lpcxpresso_7.3.0_186/lpcxpresso/tools/bin/../lib/gcc/arm-none-eabi/4.8.4/../../../../arm-none-eabi/lib/armv7-m/libcr_c.a(stdio.o)
                0x1000000c                __Ciob
 COMMON         0x1000014c        0x8 /usr/local/lpcxpresso_7.3.0_186/lpcxpresso/tools/bin/../lib/gcc/arm-none-eabi/4.8.4/../../../../arm-none-eabi/lib/armv7-m/libcr_c.a(__init_alloc.o)
                0x1000014c                __heaps
                0x10000150                __end_of_heap
                0x10000154                . = ALIGN (0x4)
                0x10000154                _ebss = .
                0x10000154                PROVIDE (end, .)

.noinit_RAM2    0x2007c000        0x0
 *(.noinit.$RAM2*)
 *(.noinit.$RamAHB32*)
                0x2007c000                . = ALIGN (0x4)

.noinit         0x10000154        0x0
                0x10000154                _noinit = .
 *(.noinit*)
                0x10000154                . = ALIGN (0x4)
                0x10000154                _end_noinit = .
                0x10000154                PROVIDE (_pvHeapStart, .)
                0x10008000                PROVIDE (_vStackTop, (__top_RamLoc32 - 0x0))
OUTPUT(periph_can.axf elf32-littlearm)

.debug_info     0x00000000     0x8221
 .debug_info    0x00000000      0xa66 ./can_sniffer/src/can.o
 .debug_info    0x00000a66      0x287 ./can_sniffer/src/cr_startup_lpc175x_6x.o
 .debug_info    0x00000ced      0x122 ./can_sniffer/src/sysinit.o
 .debug_info    0x00000e0f     0x1cd8 /home/hernan/repo-git/CAN_LPC1769/LPC-CAN/lpc_board_nxp_lpcxpresso_1769/Debug/liblpc_board_nxp_lpcxpresso_1769.a(board.o)
 .debug_info    0x00002ae7      0x5f5 /home/hernan/repo-git/CAN_LPC1769/LPC-CAN/lpc_board_nxp_lpcxpresso_1769/Debug/liblpc_board_nxp_lpcxpresso_1769.a(board_sysinit.o)
 .debug_info    0x000030dc     0x354f /home/hernan/repo-git/CAN_LPC1769/LPC-CAN/lpc_chip_175x_6x/Debug/liblpc_chip_175x_6x.a(can_17xx_40xx.o)
 .debug_info    0x0000662b      0x5e7 /home/hernan/repo-git/CAN_LPC1769/LPC-CAN/lpc_chip_175x_6x/Debug/liblpc_chip_175x_6x.a(chip_17xx_40xx.o)
 .debug_info    0x00006c12      0xc88 /home/hernan/repo-git/CAN_LPC1769/LPC-CAN/lpc_chip_175x_6x/Debug/liblpc_chip_175x_6x.a(clock_17xx_40xx.o)
 .debug_info    0x0000789a      0x318 /home/hernan/repo-git/CAN_LPC1769/LPC-CAN/lpc_chip_175x_6x/Debug/liblpc_chip_175x_6x.a(iocon_17xx_40xx.o)
 .debug_info    0x00007bb2      0x66f /home/hernan/repo-git/CAN_LPC1769/LPC-CAN/lpc_chip_175x_6x/Debug/liblpc_chip_175x_6x.a(sysinit_17xx_40xx.o)

.debug_abbrev   0x00000000     0x166f
 .debug_abbrev  0x00000000      0x2fc ./can_sniffer/src/can.o
 .debug_abbrev  0x000002fc      0x111 ./can_sniffer/src/cr_startup_lpc175x_6x.o
 .debug_abbrev  0x0000040d       0xbf ./can_sniffer/src/sysinit.o
 .debug_abbrev  0x000004cc      0x402 /home/hernan/repo-git/CAN_LPC1769/LPC-CAN/lpc_board_nxp_lpcxpresso_1769/Debug/liblpc_board_nxp_lpcxpresso_1769.a(board.o)
 .debug_abbrev  0x000008ce      0x1d3 /home/hernan/repo-git/CAN_LPC1769/LPC-CAN/lpc_board_nxp_lpcxpresso_1769/Debug/liblpc_board_nxp_lpcxpresso_1769.a(board_sysinit.o)
 .debug_abbrev  0x00000aa1      0x3ce /home/hernan/repo-git/CAN_LPC1769/LPC-CAN/lpc_chip_175x_6x/Debug/liblpc_chip_175x_6x.a(can_17xx_40xx.o)
 .debug_abbrev  0x00000e6f      0x1bc /home/hernan/repo-git/CAN_LPC1769/LPC-CAN/lpc_chip_175x_6x/Debug/liblpc_chip_175x_6x.a(chip_17xx_40xx.o)
 .debug_abbrev  0x0000102b      0x320 /home/hernan/repo-git/CAN_LPC1769/LPC-CAN/lpc_chip_175x_6x/Debug/liblpc_chip_175x_6x.a(clock_17xx_40xx.o)
 .debug_abbrev  0x0000134b      0x132 /home/hernan/repo-git/CAN_LPC1769/LPC-CAN/lpc_chip_175x_6x/Debug/liblpc_chip_175x_6x.a(iocon_17xx_40xx.o)
 .debug_abbrev  0x0000147d      0x1f2 /home/hernan/repo-git/CAN_LPC1769/LPC-CAN/lpc_chip_175x_6x/Debug/liblpc_chip_175x_6x.a(sysinit_17xx_40xx.o)

.debug_loc      0x00000000     0x4455
 .debug_loc     0x00000000       0xcf ./can_sniffer/src/can.o
 .debug_loc     0x000000cf      0x1d1 ./can_sniffer/src/cr_startup_lpc175x_6x.o
 .debug_loc     0x000002a0      0x506 /home/hernan/repo-git/CAN_LPC1769/LPC-CAN/lpc_board_nxp_lpcxpresso_1769/Debug/liblpc_board_nxp_lpcxpresso_1769.a(board.o)
 .debug_loc     0x000007a6       0x13 /home/hernan/repo-git/CAN_LPC1769/LPC-CAN/lpc_board_nxp_lpcxpresso_1769/Debug/liblpc_board_nxp_lpcxpresso_1769.a(board_sysinit.o)
 .debug_loc     0x000007b9     0x357d /home/hernan/repo-git/CAN_LPC1769/LPC-CAN/lpc_chip_175x_6x/Debug/liblpc_chip_175x_6x.a(can_17xx_40xx.o)
 .debug_loc     0x00003d36      0x53b /home/hernan/repo-git/CAN_LPC1769/LPC-CAN/lpc_chip_175x_6x/Debug/liblpc_chip_175x_6x.a(clock_17xx_40xx.o)
 .debug_loc     0x00004271      0x1e4 /home/hernan/repo-git/CAN_LPC1769/LPC-CAN/lpc_chip_175x_6x/Debug/liblpc_chip_175x_6x.a(iocon_17xx_40xx.o)

.debug_aranges  0x00000000      0x4c0
 .debug_aranges
                0x00000000       0x38 ./can_sniffer/src/can.o
 .debug_aranges
                0x00000038       0x80 ./can_sniffer/src/cr_startup_lpc175x_6x.o
 .debug_aranges
                0x000000b8       0x20 ./can_sniffer/src/sysinit.o
 .debug_aranges
                0x000000d8       0xd0 /home/hernan/repo-git/CAN_LPC1769/LPC-CAN/lpc_board_nxp_lpcxpresso_1769/Debug/liblpc_board_nxp_lpcxpresso_1769.a(board.o)
 .debug_aranges
                0x000001a8       0x30 /home/hernan/repo-git/CAN_LPC1769/LPC-CAN/lpc_board_nxp_lpcxpresso_1769/Debug/liblpc_board_nxp_lpcxpresso_1769.a(board_sysinit.o)
 .debug_aranges
                0x000001d8      0x198 /home/hernan/repo-git/CAN_LPC1769/LPC-CAN/lpc_chip_175x_6x/Debug/liblpc_chip_175x_6x.a(can_17xx_40xx.o)
 .debug_aranges
                0x00000370       0x28 /home/hernan/repo-git/CAN_LPC1769/LPC-CAN/lpc_chip_175x_6x/Debug/liblpc_chip_175x_6x.a(chip_17xx_40xx.o)
 .debug_aranges
                0x00000398       0xc8 /home/hernan/repo-git/CAN_LPC1769/LPC-CAN/lpc_chip_175x_6x/Debug/liblpc_chip_175x_6x.a(clock_17xx_40xx.o)
 .debug_aranges
                0x00000460       0x30 /home/hernan/repo-git/CAN_LPC1769/LPC-CAN/lpc_chip_175x_6x/Debug/liblpc_chip_175x_6x.a(iocon_17xx_40xx.o)
 .debug_aranges
                0x00000490       0x30 /home/hernan/repo-git/CAN_LPC1769/LPC-CAN/lpc_chip_175x_6x/Debug/liblpc_chip_175x_6x.a(sysinit_17xx_40xx.o)

.debug_ranges   0x00000000      0x468
 .debug_ranges  0x00000000       0x28 ./can_sniffer/src/can.o
 .debug_ranges  0x00000028       0x70 ./can_sniffer/src/cr_startup_lpc175x_6x.o
 .debug_ranges  0x00000098       0x10 ./can_sniffer/src/sysinit.o
 .debug_ranges  0x000000a8       0xd8 /home/hernan/repo-git/CAN_LPC1769/LPC-CAN/lpc_board_nxp_lpcxpresso_1769/Debug/liblpc_board_nxp_lpcxpresso_1769.a(board.o)
 .debug_ranges  0x00000180       0x20 /home/hernan/repo-git/CAN_LPC1769/LPC-CAN/lpc_board_nxp_lpcxpresso_1769/Debug/liblpc_board_nxp_lpcxpresso_1769.a(board_sysinit.o)
 .debug_ranges  0x000001a0      0x1b8 /home/hernan/repo-git/CAN_LPC1769/LPC-CAN/lpc_chip_175x_6x/Debug/liblpc_chip_175x_6x.a(can_17xx_40xx.o)
 .debug_ranges  0x00000358       0x18 /home/hernan/repo-git/CAN_LPC1769/LPC-CAN/lpc_chip_175x_6x/Debug/liblpc_chip_175x_6x.a(chip_17xx_40xx.o)
 .debug_ranges  0x00000370       0xb8 /home/hernan/repo-git/CAN_LPC1769/LPC-CAN/lpc_chip_175x_6x/Debug/liblpc_chip_175x_6x.a(clock_17xx_40xx.o)
 .debug_ranges  0x00000428       0x20 /home/hernan/repo-git/CAN_LPC1769/LPC-CAN/lpc_chip_175x_6x/Debug/liblpc_chip_175x_6x.a(iocon_17xx_40xx.o)
 .debug_ranges  0x00000448       0x20 /home/hernan/repo-git/CAN_LPC1769/LPC-CAN/lpc_chip_175x_6x/Debug/liblpc_chip_175x_6x.a(sysinit_17xx_40xx.o)

.debug_macro    0x00000000     0x4a68
 .debug_macro   0x00000000      0x241 ./can_sniffer/src/can.o
 .debug_macro   0x00000241      0x856 ./can_sniffer/src/can.o
 .debug_macro   0x00000a97       0x10 ./can_sniffer/src/can.o
 .debug_macro   0x00000aa7      0x122 ./can_sniffer/src/can.o
 .debug_macro   0x00000bc9      0x5b9 ./can_sniffer/src/can.o
 .debug_macro   0x00001182       0x22 ./can_sniffer/src/can.o
 .debug_macro   0x000011a4       0x7b ./can_sniffer/src/can.o
 .debug_macro   0x0000121f       0x10 ./can_sniffer/src/can.o
 .debug_macro   0x0000122f       0x2d ./can_sniffer/src/can.o
 .debug_macro   0x0000125c       0x3a ./can_sniffer/src/can.o
 .debug_macro   0x00001296       0x2d ./can_sniffer/src/can.o
 .debug_macro   0x000012c3      0xbb1 ./can_sniffer/src/can.o
 .debug_macro   0x00001e74      0x22c ./can_sniffer/src/can.o
 .debug_macro   0x000020a0       0x42 ./can_sniffer/src/can.o
 .debug_macro   0x000020e2       0x52 ./can_sniffer/src/can.o
 .debug_macro   0x00002134       0x78 ./can_sniffer/src/can.o
 .debug_macro   0x000021ac       0x82 ./can_sniffer/src/can.o
 .debug_macro   0x0000222e      0x48c ./can_sniffer/src/can.o
 .debug_macro   0x000026ba       0x34 ./can_sniffer/src/can.o
 .debug_macro   0x000026ee      0x4c5 ./can_sniffer/src/can.o
 .debug_macro   0x00002bb3      0x1b7 ./can_sniffer/src/can.o
 .debug_macro   0x00002d6a       0x10 ./can_sniffer/src/can.o
 .debug_macro   0x00002d7a      0x21b ./can_sniffer/src/can.o
 .debug_macro   0x00002f95      0x1b9 ./can_sniffer/src/can.o
 .debug_macro   0x0000314e       0x40 ./can_sniffer/src/can.o
 .debug_macro   0x0000318e       0x22 ./can_sniffer/src/can.o
 .debug_macro   0x000031b0      0x162 ./can_sniffer/src/can.o
 .debug_macro   0x00003312       0x94 ./can_sniffer/src/can.o
 .debug_macro   0x000033a6       0xb8 ./can_sniffer/src/can.o
 .debug_macro   0x0000345e       0x4c ./can_sniffer/src/can.o
 .debug_macro   0x000034aa       0x16 ./can_sniffer/src/can.o
 .debug_macro   0x000034c0      0x328 ./can_sniffer/src/can.o
 .debug_macro   0x000037e8       0x49 ./can_sniffer/src/can.o
 .debug_macro   0x00003831       0x16 ./can_sniffer/src/can.o
 .debug_macro   0x00003847       0xca ./can_sniffer/src/can.o
 .debug_macro   0x00003911       0x18 ./can_sniffer/src/can.o
 .debug_macro   0x00003929       0x76 ./can_sniffer/src/can.o
 .debug_macro   0x0000399f       0x9a ./can_sniffer/src/can.o
 .debug_macro   0x00003a39       0x20 ./can_sniffer/src/can.o
 .debug_macro   0x00003a59       0x28 ./can_sniffer/src/can.o
 .debug_macro   0x00003a81       0x1d ./can_sniffer/src/cr_startup_lpc175x_6x.o
 .debug_macro   0x00003a9e      0x217 ./can_sniffer/src/sysinit.o
 .debug_macro   0x00003cb5      0x289 /home/hernan/repo-git/CAN_LPC1769/LPC-CAN/lpc_board_nxp_lpcxpresso_1769/Debug/liblpc_board_nxp_lpcxpresso_1769.a(board.o)
 .debug_macro   0x00003f3e       0x12 /home/hernan/repo-git/CAN_LPC1769/LPC-CAN/lpc_board_nxp_lpcxpresso_1769/Debug/liblpc_board_nxp_lpcxpresso_1769.a(board.o)
 .debug_macro   0x00003f50      0x217 /home/hernan/repo-git/CAN_LPC1769/LPC-CAN/lpc_board_nxp_lpcxpresso_1769/Debug/liblpc_board_nxp_lpcxpresso_1769.a(board_sysinit.o)
 .debug_macro   0x00004167      0x1cd /home/hernan/repo-git/CAN_LPC1769/LPC-CAN/lpc_chip_175x_6x/Debug/liblpc_chip_175x_6x.a(can_17xx_40xx.o)
 .debug_macro   0x00004334      0x1cd /home/hernan/repo-git/CAN_LPC1769/LPC-CAN/lpc_chip_175x_6x/Debug/liblpc_chip_175x_6x.a(chip_17xx_40xx.o)
 .debug_macro   0x00004501      0x1cd /home/hernan/repo-git/CAN_LPC1769/LPC-CAN/lpc_chip_175x_6x/Debug/liblpc_chip_175x_6x.a(clock_17xx_40xx.o)
 .debug_macro   0x000046ce      0x1cd /home/hernan/repo-git/CAN_LPC1769/LPC-CAN/lpc_chip_175x_6x/Debug/liblpc_chip_175x_6x.a(iocon_17xx_40xx.o)
 .debug_macro   0x0000489b      0x1cd /home/hernan/repo-git/CAN_LPC1769/LPC-CAN/lpc_chip_175x_6x/Debug/liblpc_chip_175x_6x.a(sysinit_17xx_40xx.o)

.debug_line     0x00000000     0x36f4
 .debug_line    0x00000000      0x503 ./can_sniffer/src/can.o
 .debug_line    0x00000503       0xb7 ./can_sniffer/src/cr_startup_lpc175x_6x.o
 .debug_line    0x000005ba      0x48b ./can_sniffer/src/sysinit.o
 .debug_line    0x00000a45      0x739 /home/hernan/repo-git/CAN_LPC1769/LPC-CAN/lpc_board_nxp_lpcxpresso_1769/Debug/liblpc_board_nxp_lpcxpresso_1769.a(board.o)
 .debug_line    0x0000117e      0x4aa /home/hernan/repo-git/CAN_LPC1769/LPC-CAN/lpc_board_nxp_lpcxpresso_1769/Debug/liblpc_board_nxp_lpcxpresso_1769.a(board_sysinit.o)
 .debug_line    0x00001628      0xd40 /home/hernan/repo-git/CAN_LPC1769/LPC-CAN/lpc_chip_175x_6x/Debug/liblpc_chip_175x_6x.a(can_17xx_40xx.o)
 .debug_line    0x00002368      0x447 /home/hernan/repo-git/CAN_LPC1769/LPC-CAN/lpc_chip_175x_6x/Debug/liblpc_chip_175x_6x.a(chip_17xx_40xx.o)
 .debug_line    0x000027af      0x640 /home/hernan/repo-git/CAN_LPC1769/LPC-CAN/lpc_chip_175x_6x/Debug/liblpc_chip_175x_6x.a(clock_17xx_40xx.o)
 .debug_line    0x00002def      0x43e /home/hernan/repo-git/CAN_LPC1769/LPC-CAN/lpc_chip_175x_6x/Debug/liblpc_chip_175x_6x.a(iocon_17xx_40xx.o)
 .debug_line    0x0000322d      0x4c7 /home/hernan/repo-git/CAN_LPC1769/LPC-CAN/lpc_chip_175x_6x/Debug/liblpc_chip_175x_6x.a(sysinit_17xx_40xx.o)

.debug_str      0x00000000    0x1334e
 .debug_str     0x00000000    0x10d92 ./can_sniffer/src/can.o
                              0x10eb8 (size before relaxing)
 .debug_str     0x00010d92      0x1d5 ./can_sniffer/src/cr_startup_lpc175x_6x.o
                               0x25c0 (size before relaxing)
 .debug_str     0x00010f67       0x38 ./can_sniffer/src/sysinit.o
                              0x10934 (size before relaxing)
 .debug_str     0x00010f9f      0xed7 /home/hernan/repo-git/CAN_LPC1769/LPC-CAN/lpc_board_nxp_lpcxpresso_1769/Debug/liblpc_board_nxp_lpcxpresso_1769.a(board.o)
                              0x1187d (size before relaxing)
 .debug_str     0x00011e76      0x24b /home/hernan/repo-git/CAN_LPC1769/LPC-CAN/lpc_board_nxp_lpcxpresso_1769/Debug/liblpc_board_nxp_lpcxpresso_1769.a(board_sysinit.o)
                              0x10d61 (size before relaxing)
 .debug_str     0x000120c1      0xb80 /home/hernan/repo-git/CAN_LPC1769/LPC-CAN/lpc_chip_175x_6x/Debug/liblpc_chip_175x_6x.a(can_17xx_40xx.o)
                              0x1146e (size before relaxing)
 .debug_str     0x00012c41       0xc6 /home/hernan/repo-git/CAN_LPC1769/LPC-CAN/lpc_chip_175x_6x/Debug/liblpc_chip_175x_6x.a(chip_17xx_40xx.o)
                              0x10ac6 (size before relaxing)
 .debug_str     0x00012d07      0x54b /home/hernan/repo-git/CAN_LPC1769/LPC-CAN/lpc_chip_175x_6x/Debug/liblpc_chip_175x_6x.a(clock_17xx_40xx.o)
                              0x110aa (size before relaxing)
 .debug_str     0x00013252       0x4f /home/hernan/repo-git/CAN_LPC1769/LPC-CAN/lpc_chip_175x_6x/Debug/liblpc_chip_175x_6x.a(iocon_17xx_40xx.o)
                              0x10527 (size before relaxing)
 .debug_str     0x000132a1       0xad /home/hernan/repo-git/CAN_LPC1769/LPC-CAN/lpc_chip_175x_6x/Debug/liblpc_chip_175x_6x.a(sysinit_17xx_40xx.o)
                              0x1077a (size before relaxing)

.comment        0x00000000       0xe0
 .comment       0x00000000       0x70 ./can_sniffer/src/can.o
                                 0x71 (size before relaxing)
 .comment       0x00000000       0x71 ./can_sniffer/src/cr_startup_lpc175x_6x.o
 .comment       0x00000000       0x71 ./can_sniffer/src/sysinit.o
 .comment       0x00000000       0x71 /home/hernan/repo-git/CAN_LPC1769/LPC-CAN/lpc_board_nxp_lpcxpresso_1769/Debug/liblpc_board_nxp_lpcxpresso_1769.a(board.o)
 .comment       0x00000000       0x71 /home/hernan/repo-git/CAN_LPC1769/LPC-CAN/lpc_board_nxp_lpcxpresso_1769/Debug/liblpc_board_nxp_lpcxpresso_1769.a(board_sysinit.o)
 .comment       0x00000000       0x71 /home/hernan/repo-git/CAN_LPC1769/LPC-CAN/lpc_chip_175x_6x/Debug/liblpc_chip_175x_6x.a(can_17xx_40xx.o)
 .comment       0x00000000       0x71 /home/hernan/repo-git/CAN_LPC1769/LPC-CAN/lpc_chip_175x_6x/Debug/liblpc_chip_175x_6x.a(chip_17xx_40xx.o)
 .comment       0x00000000       0x71 /home/hernan/repo-git/CAN_LPC1769/LPC-CAN/lpc_chip_175x_6x/Debug/liblpc_chip_175x_6x.a(clock_17xx_40xx.o)
 .comment       0x00000000       0x71 /home/hernan/repo-git/CAN_LPC1769/LPC-CAN/lpc_chip_175x_6x/Debug/liblpc_chip_175x_6x.a(iocon_17xx_40xx.o)
 .comment       0x00000000       0x71 /home/hernan/repo-git/CAN_LPC1769/LPC-CAN/lpc_chip_175x_6x/Debug/liblpc_chip_175x_6x.a(sysinit_17xx_40xx.o)
 .comment       0x00000070       0x70 /usr/local/lpcxpresso_7.3.0_186/lpcxpresso/tools/bin/../lib/gcc/arm-none-eabi/4.8.4/../../../../arm-none-eabi/lib/armv7-m/libcr_nohost.a(_cr__main.o)
                                 0x71 (size before relaxing)
 .comment       0x00000000       0x71 /usr/local/lpcxpresso_7.3.0_186/lpcxpresso/tools/bin/../lib/gcc/arm-none-eabi/4.8.4/../../../../arm-none-eabi/lib/armv7-m/libcr_c.a(fpprintf.o)
 .comment       0x00000000       0x71 /usr/local/lpcxpresso_7.3.0_186/lpcxpresso/tools/bin/../lib/gcc/arm-none-eabi/4.8.4/../../../../arm-none-eabi/lib/armv7-m/libcr_c.a(initio.o)
 .comment       0x00000000       0x71 /usr/local/lpcxpresso_7.3.0_186/lpcxpresso/tools/bin/../lib/gcc/arm-none-eabi/4.8.4/../../../../arm-none-eabi/lib/armv7-m/libcr_c.a(printf.o)
 .comment       0x00000000       0x71 /usr/local/lpcxpresso_7.3.0_186/lpcxpresso/tools/bin/../lib/gcc/arm-none-eabi/4.8.4/../../../../arm-none-eabi/lib/armv7-m/libcr_c.a(setvbuf.o)
 .comment       0x00000000       0x71 /usr/local/lpcxpresso_7.3.0_186/lpcxpresso/tools/bin/../lib/gcc/arm-none-eabi/4.8.4/../../../../arm-none-eabi/lib/armv7-m/libcr_c.a(stdio.o)
 .comment       0x00000000       0x71 /usr/local/lpcxpresso_7.3.0_186/lpcxpresso/tools/bin/../lib/gcc/arm-none-eabi/4.8.4/../../../../arm-none-eabi/lib/armv7-m/libcr_c.a(strlen.o)
 .comment       0x00000000       0x71 /usr/local/lpcxpresso_7.3.0_186/lpcxpresso/tools/bin/../lib/gcc/arm-none-eabi/4.8.4/../../../../arm-none-eabi/lib/armv7-m/libcr_c.a(memset.o)
 .comment       0x00000000       0x71 /usr/local/lpcxpresso_7.3.0_186/lpcxpresso/tools/bin/../lib/gcc/arm-none-eabi/4.8.4/../../../../arm-none-eabi/lib/armv7-m/libcr_c.a(_deferredlazyseek.o)
 .comment       0x00000000       0x71 /usr/local/lpcxpresso_7.3.0_186/lpcxpresso/tools/bin/../lib/gcc/arm-none-eabi/4.8.4/../../../../arm-none-eabi/lib/armv7-m/libcr_c.a(_fdopen.o)
 .comment       0x00000000       0x71 /usr/local/lpcxpresso_7.3.0_186/lpcxpresso/tools/bin/../lib/gcc/arm-none-eabi/4.8.4/../../../../arm-none-eabi/lib/armv7-m/libcr_c.a(_fflush.o)
 .comment       0x00000000       0x71 /usr/local/lpcxpresso_7.3.0_186/lpcxpresso/tools/bin/../lib/gcc/arm-none-eabi/4.8.4/../../../../arm-none-eabi/lib/armv7-m/libcr_c.a(_frexpl.o)
 .comment       0x00000000       0x71 /usr/local/lpcxpresso_7.3.0_186/lpcxpresso/tools/bin/../lib/gcc/arm-none-eabi/4.8.4/../../../../arm-none-eabi/lib/armv7-m/libcr_c.a(_ldexpl.o)
 .comment       0x00000000       0x71 /usr/local/lpcxpresso_7.3.0_186/lpcxpresso/tools/bin/../lib/gcc/arm-none-eabi/4.8.4/../../../../arm-none-eabi/lib/armv7-m/libcr_c.a(_writebuf.o)
 .comment       0x00000000       0x71 /usr/local/lpcxpresso_7.3.0_186/lpcxpresso/tools/bin/../lib/gcc/arm-none-eabi/4.8.4/../../../../arm-none-eabi/lib/armv7-m/libcr_c.a(alloc.o)
 .comment       0x00000000       0x71 /usr/local/lpcxpresso_7.3.0_186/lpcxpresso/tools/bin/../lib/gcc/arm-none-eabi/4.8.4/../../../../arm-none-eabi/lib/armv7-m/libcr_c.a(errno.o)
 .comment       0x00000000       0x71 /usr/local/lpcxpresso_7.3.0_186/lpcxpresso/tools/bin/../lib/gcc/arm-none-eabi/4.8.4/../../../../arm-none-eabi/lib/armv7-m/libcr_c.a(fclose.o)
 .comment       0x00000000       0x71 /usr/local/lpcxpresso_7.3.0_186/lpcxpresso/tools/bin/../lib/gcc/arm-none-eabi/4.8.4/../../../../arm-none-eabi/lib/armv7-m/libcr_c.a(fflush.o)
 .comment       0x00000000       0x71 /usr/local/lpcxpresso_7.3.0_186/lpcxpresso/tools/bin/../lib/gcc/arm-none-eabi/4.8.4/../../../../arm-none-eabi/lib/armv7-m/libcr_c.a(fseek.o)
 .comment       0x00000000       0x71 /usr/local/lpcxpresso_7.3.0_186/lpcxpresso/tools/bin/../lib/gcc/arm-none-eabi/4.8.4/../../../../arm-none-eabi/lib/armv7-m/libcr_c.a(ftell.o)
 .comment       0x00000000       0x71 /usr/local/lpcxpresso_7.3.0_186/lpcxpresso/tools/bin/../lib/gcc/arm-none-eabi/4.8.4/../../../../arm-none-eabi/lib/armv7-m/libcr_c.a(remove.o)
 .comment       0x00000000       0x71 /usr/local/lpcxpresso_7.3.0_186/lpcxpresso/tools/bin/../lib/gcc/arm-none-eabi/4.8.4/../../../../arm-none-eabi/lib/armv7-m/libcr_c.a(__init_alloc.o)
 .comment       0x00000000       0x71 /usr/local/lpcxpresso_7.3.0_186/lpcxpresso/tools/bin/../lib/gcc/arm-none-eabi/4.8.4/../../../../arm-none-eabi/lib/armv7-m/libcr_c.a(_cr_sbrk.o)
 .comment       0x00000000       0x71 /usr/local/lpcxpresso_7.3.0_186/lpcxpresso/tools/bin/../lib/gcc/arm-none-eabi/4.8.4/../../../../arm-none-eabi/lib/armv7-m/libcr_c.a(_do_fflush.o)
 .comment       0x00000000       0x71 /usr/local/lpcxpresso_7.3.0_186/lpcxpresso/tools/bin/../lib/gcc/arm-none-eabi/4.8.4/../../../../arm-none-eabi/lib/armv7-m/libcr_c.a(_hugeval.o)
 .comment       0x00000000       0x71 /usr/local/lpcxpresso_7.3.0_186/lpcxpresso/tools/bin/../lib/gcc/arm-none-eabi/4.8.4/../../../../arm-none-eabi/lib/armv7-m/libcr_c.a(_cr_check_heap.o)
 .comment       0x00000000       0x71 /usr/local/lpcxpresso_7.3.0_186/lpcxpresso/tools/bin/../lib/gcc/arm-none-eabi/4.8.4/armv7-m/libcr_eabihelpers.a(double.o)
 .comment       0x00000000       0x71 /usr/local/lpcxpresso_7.3.0_186/lpcxpresso/tools/bin/../lib/gcc/arm-none-eabi/4.8.4/../../../../arm-none-eabi/lib/armv7-m/libcr_nohost.a(__sys_appexit.o)
 .comment       0x00000000       0x71 /usr/local/lpcxpresso_7.3.0_186/lpcxpresso/tools/bin/../lib/gcc/arm-none-eabi/4.8.4/../../../../arm-none-eabi/lib/armv7-m/libcr_nohost.a(__sys_close.o)
 .comment       0x00000000       0x71 /usr/local/lpcxpresso_7.3.0_186/lpcxpresso/tools/bin/../lib/gcc/arm-none-eabi/4.8.4/../../../../arm-none-eabi/lib/armv7-m/libcr_nohost.a(__sys_flen.o)
 .comment       0x00000000       0x71 /usr/local/lpcxpresso_7.3.0_186/lpcxpresso/tools/bin/../lib/gcc/arm-none-eabi/4.8.4/../../../../arm-none-eabi/lib/armv7-m/libcr_nohost.a(__sys_istty.o)
 .comment       0x00000000       0x71 /usr/local/lpcxpresso_7.3.0_186/lpcxpresso/tools/bin/../lib/gcc/arm-none-eabi/4.8.4/../../../../arm-none-eabi/lib/armv7-m/libcr_nohost.a(__sys_remove.o)
 .comment       0x00000000       0x71 /usr/local/lpcxpresso_7.3.0_186/lpcxpresso/tools/bin/../lib/gcc/arm-none-eabi/4.8.4/../../../../arm-none-eabi/lib/armv7-m/libcr_nohost.a(__sys_seek.o)
 .comment       0x00000000       0x71 /usr/local/lpcxpresso_7.3.0_186/lpcxpresso/tools/bin/../lib/gcc/arm-none-eabi/4.8.4/../../../../arm-none-eabi/lib/armv7-m/libcr_nohost.a(__sys_tmpnam.o)
 .comment       0x00000000       0x71 /usr/local/lpcxpresso_7.3.0_186/lpcxpresso/tools/bin/../lib/gcc/arm-none-eabi/4.8.4/../../../../arm-none-eabi/lib/armv7-m/libcr_nohost.a(__sys_write.o)

.ARM.attributes
                0x00000000       0x31
 .ARM.attributes
                0x00000000       0x33 ./can_sniffer/src/can.o
 .ARM.attributes
                0x00000033       0x33 ./can_sniffer/src/cr_startup_lpc175x_6x.o
 .ARM.attributes
                0x00000066       0x33 ./can_sniffer/src/sysinit.o
 .ARM.attributes
                0x00000099       0x33 /home/hernan/repo-git/CAN_LPC1769/LPC-CAN/lpc_board_nxp_lpcxpresso_1769/Debug/liblpc_board_nxp_lpcxpresso_1769.a(board.o)
 .ARM.attributes
                0x000000cc       0x33 /home/hernan/repo-git/CAN_LPC1769/LPC-CAN/lpc_board_nxp_lpcxpresso_1769/Debug/liblpc_board_nxp_lpcxpresso_1769.a(board_sysinit.o)
 .ARM.attributes
                0x000000ff       0x33 /home/hernan/repo-git/CAN_LPC1769/LPC-CAN/lpc_chip_175x_6x/Debug/liblpc_chip_175x_6x.a(can_17xx_40xx.o)
 .ARM.attributes
                0x00000132       0x33 /home/hernan/repo-git/CAN_LPC1769/LPC-CAN/lpc_chip_175x_6x/Debug/liblpc_chip_175x_6x.a(chip_17xx_40xx.o)
 .ARM.attributes
                0x00000165       0x33 /home/hernan/repo-git/CAN_LPC1769/LPC-CAN/lpc_chip_175x_6x/Debug/liblpc_chip_175x_6x.a(clock_17xx_40xx.o)
 .ARM.attributes
                0x00000198       0x33 /home/hernan/repo-git/CAN_LPC1769/LPC-CAN/lpc_chip_175x_6x/Debug/liblpc_chip_175x_6x.a(iocon_17xx_40xx.o)
 .ARM.attributes
                0x000001cb       0x33 /home/hernan/repo-git/CAN_LPC1769/LPC-CAN/lpc_chip_175x_6x/Debug/liblpc_chip_175x_6x.a(sysinit_17xx_40xx.o)
 .ARM.attributes
                0x000001fe       0x33 /usr/local/lpcxpresso_7.3.0_186/lpcxpresso/tools/bin/../lib/gcc/arm-none-eabi/4.8.4/../../../../arm-none-eabi/lib/armv7-m/libcr_nohost.a(_cr__main.o)
 .ARM.attributes
                0x00000231       0x33 /usr/local/lpcxpresso_7.3.0_186/lpcxpresso/tools/bin/../lib/gcc/arm-none-eabi/4.8.4/../../../../arm-none-eabi/lib/armv7-m/libcr_c.a(fpprintf.o)
 .ARM.attributes
                0x00000264       0x33 /usr/local/lpcxpresso_7.3.0_186/lpcxpresso/tools/bin/../lib/gcc/arm-none-eabi/4.8.4/../../../../arm-none-eabi/lib/armv7-m/libcr_c.a(initio.o)
 .ARM.attributes
                0x00000297       0x33 /usr/local/lpcxpresso_7.3.0_186/lpcxpresso/tools/bin/../lib/gcc/arm-none-eabi/4.8.4/../../../../arm-none-eabi/lib/armv7-m/libcr_c.a(printf.o)
 .ARM.attributes
                0x000002ca       0x33 /usr/local/lpcxpresso_7.3.0_186/lpcxpresso/tools/bin/../lib/gcc/arm-none-eabi/4.8.4/../../../../arm-none-eabi/lib/armv7-m/libcr_c.a(setvbuf.o)
 .ARM.attributes
                0x000002fd       0x33 /usr/local/lpcxpresso_7.3.0_186/lpcxpresso/tools/bin/../lib/gcc/arm-none-eabi/4.8.4/../../../../arm-none-eabi/lib/armv7-m/libcr_c.a(stdio.o)
 .ARM.attributes
                0x00000330       0x33 /usr/local/lpcxpresso_7.3.0_186/lpcxpresso/tools/bin/../lib/gcc/arm-none-eabi/4.8.4/../../../../arm-none-eabi/lib/armv7-m/libcr_c.a(strlen.o)
 .ARM.attributes
                0x00000363       0x33 /usr/local/lpcxpresso_7.3.0_186/lpcxpresso/tools/bin/../lib/gcc/arm-none-eabi/4.8.4/../../../../arm-none-eabi/lib/armv7-m/libcr_c.a(memset.o)
 .ARM.attributes
                0x00000396       0x33 /usr/local/lpcxpresso_7.3.0_186/lpcxpresso/tools/bin/../lib/gcc/arm-none-eabi/4.8.4/../../../../arm-none-eabi/lib/armv7-m/libcr_c.a(_deferredlazyseek.o)
 .ARM.attributes
                0x000003c9       0x33 /usr/local/lpcxpresso_7.3.0_186/lpcxpresso/tools/bin/../lib/gcc/arm-none-eabi/4.8.4/../../../../arm-none-eabi/lib/armv7-m/libcr_c.a(_fdopen.o)
 .ARM.attributes
                0x000003fc       0x33 /usr/local/lpcxpresso_7.3.0_186/lpcxpresso/tools/bin/../lib/gcc/arm-none-eabi/4.8.4/../../../../arm-none-eabi/lib/armv7-m/libcr_c.a(_fflush.o)
 .ARM.attributes
                0x0000042f       0x33 /usr/local/lpcxpresso_7.3.0_186/lpcxpresso/tools/bin/../lib/gcc/arm-none-eabi/4.8.4/../../../../arm-none-eabi/lib/armv7-m/libcr_c.a(_frexpl.o)
 .ARM.attributes
                0x00000462       0x33 /usr/local/lpcxpresso_7.3.0_186/lpcxpresso/tools/bin/../lib/gcc/arm-none-eabi/4.8.4/../../../../arm-none-eabi/lib/armv7-m/libcr_c.a(_ldexpl.o)
 .ARM.attributes
                0x00000495       0x33 /usr/local/lpcxpresso_7.3.0_186/lpcxpresso/tools/bin/../lib/gcc/arm-none-eabi/4.8.4/../../../../arm-none-eabi/lib/armv7-m/libcr_c.a(_writebuf.o)
 .ARM.attributes
                0x000004c8       0x33 /usr/local/lpcxpresso_7.3.0_186/lpcxpresso/tools/bin/../lib/gcc/arm-none-eabi/4.8.4/../../../../arm-none-eabi/lib/armv7-m/libcr_c.a(alloc.o)
 .ARM.attributes
                0x000004fb       0x33 /usr/local/lpcxpresso_7.3.0_186/lpcxpresso/tools/bin/../lib/gcc/arm-none-eabi/4.8.4/../../../../arm-none-eabi/lib/armv7-m/libcr_c.a(errno.o)
 .ARM.attributes
                0x0000052e       0x33 /usr/local/lpcxpresso_7.3.0_186/lpcxpresso/tools/bin/../lib/gcc/arm-none-eabi/4.8.4/../../../../arm-none-eabi/lib/armv7-m/libcr_c.a(fclose.o)
 .ARM.attributes
                0x00000561       0x33 /usr/local/lpcxpresso_7.3.0_186/lpcxpresso/tools/bin/../lib/gcc/arm-none-eabi/4.8.4/../../../../arm-none-eabi/lib/armv7-m/libcr_c.a(fflush.o)
 .ARM.attributes
                0x00000594       0x33 /usr/local/lpcxpresso_7.3.0_186/lpcxpresso/tools/bin/../lib/gcc/arm-none-eabi/4.8.4/../../../../arm-none-eabi/lib/armv7-m/libcr_c.a(fseek.o)
 .ARM.attributes
                0x000005c7       0x33 /usr/local/lpcxpresso_7.3.0_186/lpcxpresso/tools/bin/../lib/gcc/arm-none-eabi/4.8.4/../../../../arm-none-eabi/lib/armv7-m/libcr_c.a(ftell.o)
 .ARM.attributes
                0x000005fa       0x33 /usr/local/lpcxpresso_7.3.0_186/lpcxpresso/tools/bin/../lib/gcc/arm-none-eabi/4.8.4/../../../../arm-none-eabi/lib/armv7-m/libcr_c.a(remove.o)
 .ARM.attributes
                0x0000062d       0x33 /usr/local/lpcxpresso_7.3.0_186/lpcxpresso/tools/bin/../lib/gcc/arm-none-eabi/4.8.4/../../../../arm-none-eabi/lib/armv7-m/libcr_c.a(__init_alloc.o)
 .ARM.attributes
                0x00000660       0x33 /usr/local/lpcxpresso_7.3.0_186/lpcxpresso/tools/bin/../lib/gcc/arm-none-eabi/4.8.4/../../../../arm-none-eabi/lib/armv7-m/libcr_c.a(_cr_sbrk.o)
 .ARM.attributes
                0x00000693       0x33 /usr/local/lpcxpresso_7.3.0_186/lpcxpresso/tools/bin/../lib/gcc/arm-none-eabi/4.8.4/../../../../arm-none-eabi/lib/armv7-m/libcr_c.a(_do_fflush.o)
 .ARM.attributes
                0x000006c6       0x33 /usr/local/lpcxpresso_7.3.0_186/lpcxpresso/tools/bin/../lib/gcc/arm-none-eabi/4.8.4/../../../../arm-none-eabi/lib/armv7-m/libcr_c.a(_hugeval.o)
 .ARM.attributes
                0x000006f9       0x33 /usr/local/lpcxpresso_7.3.0_186/lpcxpresso/tools/bin/../lib/gcc/arm-none-eabi/4.8.4/../../../../arm-none-eabi/lib/armv7-m/libcr_c.a(_cr_check_heap.o)
 .ARM.attributes
                0x0000072c       0x33 /usr/local/lpcxpresso_7.3.0_186/lpcxpresso/tools/bin/../lib/gcc/arm-none-eabi/4.8.4/armv7-m/libcr_eabihelpers.a(double.o)
 .ARM.attributes
                0x0000075f       0x21 /usr/local/lpcxpresso_7.3.0_186/lpcxpresso/tools/bin/../lib/gcc/arm-none-eabi/4.8.4/armv7-m/libcr_eabihelpers.a(memcpy.o)
 .ARM.attributes
                0x00000780       0x33 /usr/local/lpcxpresso_7.3.0_186/lpcxpresso/tools/bin/../lib/gcc/arm-none-eabi/4.8.4/../../../../arm-none-eabi/lib/armv7-m/libcr_nohost.a(__sys_appexit.o)
 .ARM.attributes
                0x000007b3       0x33 /usr/local/lpcxpresso_7.3.0_186/lpcxpresso/tools/bin/../lib/gcc/arm-none-eabi/4.8.4/../../../../arm-none-eabi/lib/armv7-m/libcr_nohost.a(__sys_close.o)
 .ARM.attributes
                0x000007e6       0x33 /usr/local/lpcxpresso_7.3.0_186/lpcxpresso/tools/bin/../lib/gcc/arm-none-eabi/4.8.4/../../../../arm-none-eabi/lib/armv7-m/libcr_nohost.a(__sys_flen.o)
 .ARM.attributes
                0x00000819       0x33 /usr/local/lpcxpresso_7.3.0_186/lpcxpresso/tools/bin/../lib/gcc/arm-none-eabi/4.8.4/../../../../arm-none-eabi/lib/armv7-m/libcr_nohost.a(__sys_istty.o)
 .ARM.attributes
                0x0000084c       0x33 /usr/local/lpcxpresso_7.3.0_186/lpcxpresso/tools/bin/../lib/gcc/arm-none-eabi/4.8.4/../../../../arm-none-eabi/lib/armv7-m/libcr_nohost.a(__sys_remove.o)
 .ARM.attributes
                0x0000087f       0x33 /usr/local/lpcxpresso_7.3.0_186/lpcxpresso/tools/bin/../lib/gcc/arm-none-eabi/4.8.4/../../../../arm-none-eabi/lib/armv7-m/libcr_nohost.a(__sys_seek.o)
 .ARM.attributes
                0x000008b2       0x33 /usr/local/lpcxpresso_7.3.0_186/lpcxpresso/tools/bin/../lib/gcc/arm-none-eabi/4.8.4/../../../../arm-none-eabi/lib/armv7-m/libcr_nohost.a(__sys_tmpnam.o)
 .ARM.attributes
                0x000008e5       0x33 /usr/local/lpcxpresso_7.3.0_186/lpcxpresso/tools/bin/../lib/gcc/arm-none-eabi/4.8.4/../../../../arm-none-eabi/lib/armv7-m/libcr_nohost.a(__sys_write.o)

.debug_frame    0x00000000      0xbd4
 .debug_frame   0x00000000       0x7c ./can_sniffer/src/can.o
 .debug_frame   0x0000007c       0xf4 ./can_sniffer/src/cr_startup_lpc175x_6x.o
 .debug_frame   0x00000170       0x28 ./can_sniffer/src/sysinit.o
 .debug_frame   0x00000198      0x1fc /home/hernan/repo-git/CAN_LPC1769/LPC-CAN/lpc_board_nxp_lpcxpresso_1769/Debug/liblpc_board_nxp_lpcxpresso_1769.a(board.o)
 .debug_frame   0x00000394       0x58 /home/hernan/repo-git/CAN_LPC1769/LPC-CAN/lpc_board_nxp_lpcxpresso_1769/Debug/liblpc_board_nxp_lpcxpresso_1769.a(board_sysinit.o)
 .debug_frame   0x000003ec      0x520 /home/hernan/repo-git/CAN_LPC1769/LPC-CAN/lpc_chip_175x_6x/Debug/liblpc_chip_175x_6x.a(can_17xx_40xx.o)
 .debug_frame   0x0000090c       0x40 /home/hernan/repo-git/CAN_LPC1769/LPC-CAN/lpc_chip_175x_6x/Debug/liblpc_chip_175x_6x.a(chip_17xx_40xx.o)
 .debug_frame   0x0000094c      0x1c8 /home/hernan/repo-git/CAN_LPC1769/LPC-CAN/lpc_chip_175x_6x/Debug/liblpc_chip_175x_6x.a(clock_17xx_40xx.o)
 .debug_frame   0x00000b14       0x68 /home/hernan/repo-git/CAN_LPC1769/LPC-CAN/lpc_chip_175x_6x/Debug/liblpc_chip_175x_6x.a(iocon_17xx_40xx.o)
 .debug_frame   0x00000b7c       0x58 /home/hernan/repo-git/CAN_LPC1769/LPC-CAN/lpc_chip_175x_6x/Debug/liblpc_chip_175x_6x.a(sysinit_17xx_40xx.o)
